Replace Part C1 CMP-001-000420-11 in C:\Users\AhmedAli\Documents\TII\DC\HW\Mockup\imx8\PCB-IMX8\Design Source Files\IMX8_IO.SchDoc with CMP-001-000420-11 from robo_cam.IntLib
Replace Part C2 CMP-001-000420-11 in C:\Users\AhmedAli\Documents\TII\DC\HW\Mockup\imx8\PCB-IMX8\Design Source Files\IMX8_IO.SchDoc with CMP-001-000420-11 from robo_cam.IntLib
Replace Part C3 CMP-001-000420-11 in C:\Users\AhmedAli\Documents\TII\DC\HW\Mockup\imx8\PCB-IMX8\Design Source Files\IMX8_IO.SchDoc with CMP-001-000420-11 from robo_cam.IntLib
Replace Part C4 CMP-001-000420-11 in C:\Users\AhmedAli\Documents\TII\DC\HW\Mockup\imx8\PCB-IMX8\Design Source Files\IMX8_IO.SchDoc with CMP-001-000420-11 from robo_cam.IntLib
Replace Part PTP1 CMP-001-001296-3 in C:\Users\AhmedAli\Documents\TII\DC\HW\Mockup\imx8\PCB-IMX8\Design Source Files\IMX8_IO.SchDoc with CMP-001-001296-3 from robo_cam.IntLib
Replace Part PTP2 CMP-001-001296-3 in C:\Users\AhmedAli\Documents\TII\DC\HW\Mockup\imx8\PCB-IMX8\Design Source Files\IMX8_IO.SchDoc with CMP-001-001296-3 from robo_cam.IntLib
Replace Part PTP3 CMP-001-001296-3 in C:\Users\AhmedAli\Documents\TII\DC\HW\Mockup\imx8\PCB-IMX8\Design Source Files\IMX8_IO.SchDoc with CMP-001-001296-3 from robo_cam.IntLib
Replace Part PTP4 CMP-001-001296-3 in C:\Users\AhmedAli\Documents\TII\DC\HW\Mockup\imx8\PCB-IMX8\Design Source Files\IMX8_IO.SchDoc with CMP-001-001296-3 from robo_cam.IntLib
Replace Part PTP5 CMP-001-001296-3 in C:\Users\AhmedAli\Documents\TII\DC\HW\Mockup\imx8\PCB-IMX8\Design Source Files\IMX8_IO.SchDoc with CMP-001-001296-3 from robo_cam.IntLib
Replace Part QZ1 CMP-001-000697-8 in C:\Users\AhmedAli\Documents\TII\DC\HW\Mockup\imx8\PCB-IMX8\Design Source Files\IMX8_IO.SchDoc with CMP-001-000697-8 from robo_cam.IntLib
Replace Part R1 CMP-001-000434-10 in C:\Users\AhmedAli\Documents\TII\DC\HW\Mockup\imx8\PCB-IMX8\Design Source Files\IMX8_IO.SchDoc with CMP-001-000434-10 from robo_cam.IntLib
Replace Part R2 CMP-001-000526-11 in C:\Users\AhmedAli\Documents\TII\DC\HW\Mockup\imx8\PCB-IMX8\Design Source Files\IMX8_IO.SchDoc with CMP-001-000526-11 from robo_cam.IntLib
Replace Part R3 CMP-001-000526-11 in C:\Users\AhmedAli\Documents\TII\DC\HW\Mockup\imx8\PCB-IMX8\Design Source Files\IMX8_IO.SchDoc with CMP-001-000526-11 from robo_cam.IntLib
Replace Part R4 CMP-001-000446-13 in C:\Users\AhmedAli\Documents\TII\DC\HW\Mockup\imx8\PCB-IMX8\Design Source Files\IMX8_IO.SchDoc with CMP-001-000446-13 from robo_cam.IntLib
Replace Part R5 CMP-001-000434-10 in C:\Users\AhmedAli\Documents\TII\DC\HW\Mockup\imx8\PCB-IMX8\Design Source Files\IMX8_IO.SchDoc with CMP-001-000434-10 from robo_cam.IntLib
Replace Part R6 CMP-001-001254-9 in C:\Users\AhmedAli\Documents\TII\DC\HW\Mockup\imx8\PCB-IMX8\Design Source Files\IMX8_IO.SchDoc with CMP-001-001254-9 from robo_cam.IntLib
Replace Part R7 CMP-001-000576-12 in C:\Users\AhmedAli\Documents\TII\DC\HW\Mockup\imx8\PCB-IMX8\Design Source Files\IMX8_IO.SchDoc with CMP-001-000576-12 from robo_cam.IntLib
Replace Part U1 CMP-001-000983-8 in C:\Users\AhmedAli\Documents\TII\DC\HW\Mockup\imx8\PCB-IMX8\Design Source Files\IMX8_IO.SchDoc with CMP-001-000983-8 from robo_cam.IntLib
Replace Part U1 CMP-001-000983-8 in C:\Users\AhmedAli\Documents\TII\DC\HW\Mockup\imx8\PCB-IMX8\Design Source Files\IMX8_IO.SchDoc with CMP-001-000983-8 from robo_cam.IntLib
Replace Part Y1 CMP-001-001243-5 in C:\Users\AhmedAli\Documents\TII\DC\HW\Mockup\imx8\PCB-IMX8\Design Source Files\IMX8_IO.SchDoc with CMP-001-001243-5 from robo_cam.IntLib
