Change Component Designator: Old Designator=C110 New Designator=C101
Change Component Designator: Old Designator=C111 New Designator=C102
Change Component Designator: Old Designator=C112 New Designator=C103
Change Component Designator: Old Designator=C113 New Designator=C104
Change Component Designator: Old Designator=C114 New Designator=C105
Change Component Designator: Old Designator=C115 New Designator=C106
Change Component Designator: Old Designator=C116 New Designator=C107
Change Component Designator: Old Designator=C117 New Designator=C108
Change Component Designator: Old Designator=C118 New Designator=C109
Change Component Designator: Old Designator=C119 New Designator=C110
Change Component Designator: Old Designator=C120 New Designator=C111
Change Component Designator: Old Designator=C121 New Designator=C112
Change Component Designator: Old Designator=C122 New Designator=C113
Change Component Designator: Old Designator=C123 New Designator=C114
Change Component Designator: Old Designator=C124 New Designator=C115
Change Component Designator: Old Designator=C125 New Designator=C116
Change Component Designator: Old Designator=C126 New Designator=C117
Change Component Designator: Old Designator=C127 New Designator=C118
Change Component Designator: Old Designator=C128 New Designator=C119
Change Component Designator: Old Designator=C129 New Designator=C120
Change Component Designator: Old Designator=C130 New Designator=C121
Change Component Designator: Old Designator=C131 New Designator=C122
Change Component Designator: Old Designator=C132 New Designator=C123
Change Component Designator: Old Designator=C133 New Designator=C124
Change Component Designator: Old Designator=C134 New Designator=C125
Change Component Designator: Old Designator=C135 New Designator=C126
Change Component Designator: Old Designator=C136 New Designator=C127
Change Component Designator: Old Designator=C137 New Designator=C128
Change Component Designator: Old Designator=C138 New Designator=C129
Change Component Designator: Old Designator=C139 New Designator=C130
Change Component Designator: Old Designator=C140 New Designator=C131
Change Component Designator: Old Designator=J2 New Designator=J1
Change Component Designator: Old Designator=J3 New Designator=J2
Change Component Designator: Old Designator=L2 New Designator=L1
Change Component Designator: Old Designator=L3 New Designator=L2
Change Component Designator: Old Designator=L4 New Designator=L3
Change Component Designator: Old Designator=L5 New Designator=L4
Change Component Designator: Old Designator=L6 New Designator=L5
Change Component Designator: Old Designator=L7 New Designator=L6
Change Component Designator: Old Designator=L8 New Designator=L7
Change Component Designator: Old Designator=PTP25 New Designator=PTP16
Change Component Designator: Old Designator=PTP26 New Designator=PTP17
Change Component Designator: Old Designator=PTP27 New Designator=PTP18
Change Component Designator: Old Designator=PTP28 New Designator=PTP19
Change Component Designator: Old Designator=PTP29 New Designator=PTP20
Change Component Designator: Old Designator=PTP30 New Designator=PTP21
Change Component Designator: Old Designator=PTP31 New Designator=PTP22
Change Component Designator: Old Designator=PTP32 New Designator=PTP23
Change Component Designator: Old Designator=PTP33 New Designator=PTP24
Change Component Designator: Old Designator=PTP34 New Designator=PTP25
Change Component Designator: Old Designator=PTP35 New Designator=PTP26
Change Component Designator: Old Designator=PTP36 New Designator=PTP27
Change Component Designator: Old Designator=PTP37 New Designator=PTP28
Change Component Designator: Old Designator=PTP38 New Designator=PTP29
Change Component Designator: Old Designator=PTP39 New Designator=PTP30
Change Component Designator: Old Designator=PTP40 New Designator=PTP31
Change Component Designator: Old Designator=PTP41 New Designator=PTP32
Change Component Designator: Old Designator=PTP42 New Designator=PTP33
Change Component Designator: Old Designator=PTP43 New Designator=PTP34
Change Component Designator: Old Designator=PTP44 New Designator=PTP35
Change Component Designator: Old Designator=PTP45 New Designator=PTP36
Change Component Designator: Old Designator=R41 New Designator=R26
Change Component Designator: Old Designator=R42 New Designator=R27
Change Component Designator: Old Designator=R43 New Designator=R28
Change Component Designator: Old Designator=R44 New Designator=R29
Change Component Designator: Old Designator=R45 New Designator=R30
Change Component Designator: Old Designator=R46 New Designator=R31
Change Component Designator: Old Designator=R47 New Designator=R32
Change Component Designator: Old Designator=U6 New Designator=U5
Change Component Designator: Old Designator=U6 New Designator=U5
Change Component Designator: Old Designator=U6 New Designator=U5
