Replace Part C101 CMP-001-001253-9 in C:\Users\AhmedAli\Documents\TII\DC\HW\Mockup\imx8\PCB-IMX8\Design Source Files\IMX8_PMIC.SchDoc with CMP-001-001253-9 from robo_cam.IntLib
Replace Part C102 CMP-001-000259-10 in C:\Users\AhmedAli\Documents\TII\DC\HW\Mockup\imx8\PCB-IMX8\Design Source Files\IMX8_PMIC.SchDoc with CMP-001-000259-10 from robo_cam.IntLib
Replace Part C103 CMP-001-000336-15 in C:\Users\AhmedAli\Documents\TII\DC\HW\Mockup\imx8\PCB-IMX8\Design Source Files\IMX8_PMIC.SchDoc with CMP-001-000336-15 from robo_cam.IntLib
Replace Part C104 CMP-001-000890-13 in C:\Users\AhmedAli\Documents\TII\DC\HW\Mockup\imx8\PCB-IMX8\Design Source Files\IMX8_PMIC.SchDoc with CMP-001-000890-13 from robo_cam.IntLib
Replace Part C105 CMP-001-001253-9 in C:\Users\AhmedAli\Documents\TII\DC\HW\Mockup\imx8\PCB-IMX8\Design Source Files\IMX8_PMIC.SchDoc with CMP-001-001253-9 from robo_cam.IntLib
Replace Part C106 CMP-001-000336-15 in C:\Users\AhmedAli\Documents\TII\DC\HW\Mockup\imx8\PCB-IMX8\Design Source Files\IMX8_PMIC.SchDoc with CMP-001-000336-15 from robo_cam.IntLib
Replace Part C107 CMP-001-000259-10 in C:\Users\AhmedAli\Documents\TII\DC\HW\Mockup\imx8\PCB-IMX8\Design Source Files\IMX8_PMIC.SchDoc with CMP-001-000259-10 from robo_cam.IntLib
Replace Part C108 CMP-001-000890-13 in C:\Users\AhmedAli\Documents\TII\DC\HW\Mockup\imx8\PCB-IMX8\Design Source Files\IMX8_PMIC.SchDoc with CMP-001-000890-13 from robo_cam.IntLib
Replace Part C109 CMP-001-001253-9 in C:\Users\AhmedAli\Documents\TII\DC\HW\Mockup\imx8\PCB-IMX8\Design Source Files\IMX8_PMIC.SchDoc with CMP-001-001253-9 from robo_cam.IntLib
Replace Part C110 CMP-001-000883-14 in C:\Users\AhmedAli\Documents\TII\DC\HW\Mockup\imx8\PCB-IMX8\Design Source Files\IMX8_PMIC.SchDoc with CMP-001-000883-14 from robo_cam.IntLib
Replace Part C111 CMP-001-000259-10 in C:\Users\AhmedAli\Documents\TII\DC\HW\Mockup\imx8\PCB-IMX8\Design Source Files\IMX8_PMIC.SchDoc with CMP-001-000259-10 from robo_cam.IntLib
Replace Part C112 CMP-001-000888-12 in C:\Users\AhmedAli\Documents\TII\DC\HW\Mockup\imx8\PCB-IMX8\Design Source Files\IMX8_PMIC.SchDoc with CMP-001-000888-12 from robo_cam.IntLib
Replace Part C113 CMP-001-000890-13 in C:\Users\AhmedAli\Documents\TII\DC\HW\Mockup\imx8\PCB-IMX8\Design Source Files\IMX8_PMIC.SchDoc with CMP-001-000890-13 from robo_cam.IntLib
Replace Part C114 CMP-001-001253-9 in C:\Users\AhmedAli\Documents\TII\DC\HW\Mockup\imx8\PCB-IMX8\Design Source Files\IMX8_PMIC.SchDoc with CMP-001-001253-9 from robo_cam.IntLib
Replace Part C115 CMP-001-000888-12 in C:\Users\AhmedAli\Documents\TII\DC\HW\Mockup\imx8\PCB-IMX8\Design Source Files\IMX8_PMIC.SchDoc with CMP-001-000888-12 from robo_cam.IntLib
Replace Part C116 CMP-001-000259-10 in C:\Users\AhmedAli\Documents\TII\DC\HW\Mockup\imx8\PCB-IMX8\Design Source Files\IMX8_PMIC.SchDoc with CMP-001-000259-10 from robo_cam.IntLib
Replace Part C117 CMP-001-000890-13 in C:\Users\AhmedAli\Documents\TII\DC\HW\Mockup\imx8\PCB-IMX8\Design Source Files\IMX8_PMIC.SchDoc with CMP-001-000890-13 from robo_cam.IntLib
Replace Part C118 CMP-001-001253-9 in C:\Users\AhmedAli\Documents\TII\DC\HW\Mockup\imx8\PCB-IMX8\Design Source Files\IMX8_PMIC.SchDoc with CMP-001-001253-9 from robo_cam.IntLib
Replace Part C119 CMP-001-001253-9 in C:\Users\AhmedAli\Documents\TII\DC\HW\Mockup\imx8\PCB-IMX8\Design Source Files\IMX8_PMIC.SchDoc with CMP-001-001253-9 from robo_cam.IntLib
Replace Part C120 CMP-001-000259-10 in C:\Users\AhmedAli\Documents\TII\DC\HW\Mockup\imx8\PCB-IMX8\Design Source Files\IMX8_PMIC.SchDoc with CMP-001-000259-10 from robo_cam.IntLib
Replace Part C121 CMP-001-000890-13 in C:\Users\AhmedAli\Documents\TII\DC\HW\Mockup\imx8\PCB-IMX8\Design Source Files\IMX8_PMIC.SchDoc with CMP-001-000890-13 from robo_cam.IntLib
Replace Part C122 CMP-001-001253-9 in C:\Users\AhmedAli\Documents\TII\DC\HW\Mockup\imx8\PCB-IMX8\Design Source Files\IMX8_PMIC.SchDoc with CMP-001-001253-9 from robo_cam.IntLib
Replace Part C123 CMP-001-000259-10 in C:\Users\AhmedAli\Documents\TII\DC\HW\Mockup\imx8\PCB-IMX8\Design Source Files\IMX8_PMIC.SchDoc with CMP-001-000259-10 from robo_cam.IntLib
Replace Part C124 CMP-001-000890-13 in C:\Users\AhmedAli\Documents\TII\DC\HW\Mockup\imx8\PCB-IMX8\Design Source Files\IMX8_PMIC.SchDoc with CMP-001-000890-13 from robo_cam.IntLib
Replace Part C125 CMP-001-001247-9 in C:\Users\AhmedAli\Documents\TII\DC\HW\Mockup\imx8\PCB-IMX8\Design Source Files\IMX8_PMIC.SchDoc with CMP-001-001247-9 from robo_cam.IntLib
Replace Part C126 CMP-001-001253-9 in C:\Users\AhmedAli\Documents\TII\DC\HW\Mockup\imx8\PCB-IMX8\Design Source Files\IMX8_PMIC.SchDoc with CMP-001-001253-9 from robo_cam.IntLib
Replace Part C127 CMP-001-001247-9 in C:\Users\AhmedAli\Documents\TII\DC\HW\Mockup\imx8\PCB-IMX8\Design Source Files\IMX8_PMIC.SchDoc with CMP-001-001247-9 from robo_cam.IntLib
Replace Part C128 CMP-001-001247-9 in C:\Users\AhmedAli\Documents\TII\DC\HW\Mockup\imx8\PCB-IMX8\Design Source Files\IMX8_PMIC.SchDoc with CMP-001-001247-9 from robo_cam.IntLib
Replace Part C129 CMP-001-000888-12 in C:\Users\AhmedAli\Documents\TII\DC\HW\Mockup\imx8\PCB-IMX8\Design Source Files\IMX8_PMIC.SchDoc with CMP-001-000888-12 from robo_cam.IntLib
Replace Part C130 CMP-001-000420-11 in C:\Users\AhmedAli\Documents\TII\DC\HW\Mockup\imx8\PCB-IMX8\Design Source Files\IMX8_PMIC.SchDoc with CMP-001-000420-11 from robo_cam.IntLib
Replace Part C131 CMP-001-000420-11 in C:\Users\AhmedAli\Documents\TII\DC\HW\Mockup\imx8\PCB-IMX8\Design Source Files\IMX8_PMIC.SchDoc with CMP-001-000420-11 from robo_cam.IntLib
Replace Part J1 CMP-001-000157-12 in C:\Users\AhmedAli\Documents\TII\DC\HW\Mockup\imx8\PCB-IMX8\Design Source Files\IMX8_PMIC.SchDoc with CMP-001-000157-12 from robo_cam.IntLib
Replace Part J2 CMP-001-000157-12 in C:\Users\AhmedAli\Documents\TII\DC\HW\Mockup\imx8\PCB-IMX8\Design Source Files\IMX8_PMIC.SchDoc with CMP-001-000157-12 from robo_cam.IntLib
Replace Part L1 CMP-001-000738-12 in C:\Users\AhmedAli\Documents\TII\DC\HW\Mockup\imx8\PCB-IMX8\Design Source Files\IMX8_PMIC.SchDoc with CMP-001-000738-12 from robo_cam.IntLib
Replace Part L2 CMP-001-000947-11 in C:\Users\AhmedAli\Documents\TII\DC\HW\Mockup\imx8\PCB-IMX8\Design Source Files\IMX8_PMIC.SchDoc with CMP-001-000947-11 from robo_cam.IntLib
Replace Part L3 CMP-001-000947-11 in C:\Users\AhmedAli\Documents\TII\DC\HW\Mockup\imx8\PCB-IMX8\Design Source Files\IMX8_PMIC.SchDoc with CMP-001-000947-11 from robo_cam.IntLib
Replace Part L4 CMP-001-000947-11 in C:\Users\AhmedAli\Documents\TII\DC\HW\Mockup\imx8\PCB-IMX8\Design Source Files\IMX8_PMIC.SchDoc with CMP-001-000947-11 from robo_cam.IntLib
Replace Part L5 CMP-001-000947-11 in C:\Users\AhmedAli\Documents\TII\DC\HW\Mockup\imx8\PCB-IMX8\Design Source Files\IMX8_PMIC.SchDoc with CMP-001-000947-11 from robo_cam.IntLib
Replace Part L6 CMP-001-000947-11 in C:\Users\AhmedAli\Documents\TII\DC\HW\Mockup\imx8\PCB-IMX8\Design Source Files\IMX8_PMIC.SchDoc with CMP-001-000947-11 from robo_cam.IntLib
Replace Part L7 CMP-001-000947-11 in C:\Users\AhmedAli\Documents\TII\DC\HW\Mockup\imx8\PCB-IMX8\Design Source Files\IMX8_PMIC.SchDoc with CMP-001-000947-11 from robo_cam.IntLib
Replace Part PTP16 CMP-001-001296-3 in C:\Users\AhmedAli\Documents\TII\DC\HW\Mockup\imx8\PCB-IMX8\Design Source Files\IMX8_PMIC.SchDoc with CMP-001-001296-3 from robo_cam.IntLib
Replace Part PTP17 CMP-001-001296-3 in C:\Users\AhmedAli\Documents\TII\DC\HW\Mockup\imx8\PCB-IMX8\Design Source Files\IMX8_PMIC.SchDoc with CMP-001-001296-3 from robo_cam.IntLib
Replace Part PTP18 CMP-001-001296-3 in C:\Users\AhmedAli\Documents\TII\DC\HW\Mockup\imx8\PCB-IMX8\Design Source Files\IMX8_PMIC.SchDoc with CMP-001-001296-3 from robo_cam.IntLib
Replace Part PTP19 CMP-001-001296-3 in C:\Users\AhmedAli\Documents\TII\DC\HW\Mockup\imx8\PCB-IMX8\Design Source Files\IMX8_PMIC.SchDoc with CMP-001-001296-3 from robo_cam.IntLib
Replace Part PTP20 CMP-001-001296-3 in C:\Users\AhmedAli\Documents\TII\DC\HW\Mockup\imx8\PCB-IMX8\Design Source Files\IMX8_PMIC.SchDoc with CMP-001-001296-3 from robo_cam.IntLib
Replace Part PTP21 CMP-001-001296-3 in C:\Users\AhmedAli\Documents\TII\DC\HW\Mockup\imx8\PCB-IMX8\Design Source Files\IMX8_PMIC.SchDoc with CMP-001-001296-3 from robo_cam.IntLib
Replace Part PTP22 CMP-001-001296-3 in C:\Users\AhmedAli\Documents\TII\DC\HW\Mockup\imx8\PCB-IMX8\Design Source Files\IMX8_PMIC.SchDoc with CMP-001-001296-3 from robo_cam.IntLib
Replace Part PTP23 CMP-001-001296-3 in C:\Users\AhmedAli\Documents\TII\DC\HW\Mockup\imx8\PCB-IMX8\Design Source Files\IMX8_PMIC.SchDoc with CMP-001-001296-3 from robo_cam.IntLib
Replace Part PTP24 CMP-001-001296-3 in C:\Users\AhmedAli\Documents\TII\DC\HW\Mockup\imx8\PCB-IMX8\Design Source Files\IMX8_PMIC.SchDoc with CMP-001-001296-3 from robo_cam.IntLib
Replace Part PTP25 CMP-001-001296-3 in C:\Users\AhmedAli\Documents\TII\DC\HW\Mockup\imx8\PCB-IMX8\Design Source Files\IMX8_PMIC.SchDoc with CMP-001-001296-3 from robo_cam.IntLib
Replace Part PTP26 CMP-001-001296-3 in C:\Users\AhmedAli\Documents\TII\DC\HW\Mockup\imx8\PCB-IMX8\Design Source Files\IMX8_PMIC.SchDoc with CMP-001-001296-3 from robo_cam.IntLib
Replace Part PTP27 CMP-001-001296-3 in C:\Users\AhmedAli\Documents\TII\DC\HW\Mockup\imx8\PCB-IMX8\Design Source Files\IMX8_PMIC.SchDoc with CMP-001-001296-3 from robo_cam.IntLib
Replace Part PTP28 CMP-001-001296-3 in C:\Users\AhmedAli\Documents\TII\DC\HW\Mockup\imx8\PCB-IMX8\Design Source Files\IMX8_PMIC.SchDoc with CMP-001-001296-3 from robo_cam.IntLib
Replace Part PTP29 CMP-001-001296-3 in C:\Users\AhmedAli\Documents\TII\DC\HW\Mockup\imx8\PCB-IMX8\Design Source Files\IMX8_PMIC.SchDoc with CMP-001-001296-3 from robo_cam.IntLib
Replace Part PTP30 CMP-001-001296-3 in C:\Users\AhmedAli\Documents\TII\DC\HW\Mockup\imx8\PCB-IMX8\Design Source Files\IMX8_PMIC.SchDoc with CMP-001-001296-3 from robo_cam.IntLib
Replace Part PTP31 CMP-001-001296-3 in C:\Users\AhmedAli\Documents\TII\DC\HW\Mockup\imx8\PCB-IMX8\Design Source Files\IMX8_PMIC.SchDoc with CMP-001-001296-3 from robo_cam.IntLib
Replace Part PTP32 CMP-001-001296-3 in C:\Users\AhmedAli\Documents\TII\DC\HW\Mockup\imx8\PCB-IMX8\Design Source Files\IMX8_PMIC.SchDoc with CMP-001-001296-3 from robo_cam.IntLib
Replace Part PTP33 CMP-001-001296-3 in C:\Users\AhmedAli\Documents\TII\DC\HW\Mockup\imx8\PCB-IMX8\Design Source Files\IMX8_PMIC.SchDoc with CMP-001-001296-3 from robo_cam.IntLib
Replace Part PTP34 CMP-001-001296-3 in C:\Users\AhmedAli\Documents\TII\DC\HW\Mockup\imx8\PCB-IMX8\Design Source Files\IMX8_PMIC.SchDoc with CMP-001-001296-3 from robo_cam.IntLib
Replace Part QZ2 CMP-001-000697-8 in C:\Users\AhmedAli\Documents\TII\DC\HW\Mockup\imx8\PCB-IMX8\Design Source Files\IMX8_PMIC.SchDoc with CMP-001-000697-8 from robo_cam.IntLib
Replace Part R26 CMP-001-000434-10 in C:\Users\AhmedAli\Documents\TII\DC\HW\Mockup\imx8\PCB-IMX8\Design Source Files\IMX8_PMIC.SchDoc with CMP-001-000434-10 from robo_cam.IntLib
Replace Part R27 CMP-001-000429-13 in C:\Users\AhmedAli\Documents\TII\DC\HW\Mockup\imx8\PCB-IMX8\Design Source Files\IMX8_PMIC.SchDoc with CMP-001-000429-13 from robo_cam.IntLib
Replace Part R28 CMP-001-000434-10 in C:\Users\AhmedAli\Documents\TII\DC\HW\Mockup\imx8\PCB-IMX8\Design Source Files\IMX8_PMIC.SchDoc with CMP-001-000434-10 from robo_cam.IntLib
Replace Part R29 CMP-001-000429-13 in C:\Users\AhmedAli\Documents\TII\DC\HW\Mockup\imx8\PCB-IMX8\Design Source Files\IMX8_PMIC.SchDoc with CMP-001-000429-13 from robo_cam.IntLib
Replace Part R30 CMP-001-000526-11 in C:\Users\AhmedAli\Documents\TII\DC\HW\Mockup\imx8\PCB-IMX8\Design Source Files\IMX8_PMIC.SchDoc with CMP-001-000526-11 from robo_cam.IntLib
Replace Part R31 CMP-001-000526-11 in C:\Users\AhmedAli\Documents\TII\DC\HW\Mockup\imx8\PCB-IMX8\Design Source Files\IMX8_PMIC.SchDoc with CMP-001-000526-11 from robo_cam.IntLib
Replace Part R32 CMP-001-000434-10 in C:\Users\AhmedAli\Documents\TII\DC\HW\Mockup\imx8\PCB-IMX8\Design Source Files\IMX8_PMIC.SchDoc with CMP-001-000434-10 from robo_cam.IntLib
Replace Part U5 CMP-031-000204-7 in C:\Users\AhmedAli\Documents\TII\DC\HW\Mockup\imx8\PCB-IMX8\Design Source Files\IMX8_PMIC.SchDoc with CMP-031-000204-7 from robo_cam.IntLib
Replace Part U5 CMP-031-000204-7 in C:\Users\AhmedAli\Documents\TII\DC\HW\Mockup\imx8\PCB-IMX8\Design Source Files\IMX8_PMIC.SchDoc with CMP-031-000204-7 from robo_cam.IntLib
Replace Part U5 CMP-031-000204-7 in C:\Users\AhmedAli\Documents\TII\DC\HW\Mockup\imx8\PCB-IMX8\Design Source Files\IMX8_PMIC.SchDoc with CMP-031-000204-7 from robo_cam.IntLib
