Change Component Designator: Old Designator=C57 New Designator=C95
Change Component Designator: Old Designator=C58 New Designator=C96
Change Component Designator: Old Designator=C59 New Designator=C97
Change Component Designator: Old Designator=C60 New Designator=C98
Change Component Designator: Old Designator=C61 New Designator=C99
Change Component Designator: Old Designator=C62 New Designator=C100
Change Component Designator: Old Designator=C63 New Designator=C101
Change Component Designator: Old Designator=C64 New Designator=C102
Change Component Designator: Old Designator=C65 New Designator=C103
Change Component Designator: Old Designator=C66 New Designator=C104
Change Component Designator: Old Designator=C? New Designator=C105
Change Component Designator: Old Designator=C? New Designator=C106
Change Component Designator: Old Designator=C? New Designator=C107
Change Component Designator: Old Designator=C? New Designator=C108
Change Component Designator: Old Designator=C? New Designator=C109
Change Component Designator: Old Designator=J? New Designator=J1
Change Component Designator: Old Designator=PTP1 New Designator=PTP20
Change Component Designator: Old Designator=PTP2 New Designator=PTP21
Change Component Designator: Old Designator=PTP? New Designator=PTP22
Change Component Designator: Old Designator=PTP? New Designator=PTP23
Change Component Designator: Old Designator=PTP? New Designator=PTP24
Change Component Designator: Old Designator=R1 New Designator=R27
Change Component Designator: Old Designator=R2 New Designator=R28
Change Component Designator: Old Designator=R? New Designator=R29
Change Component Designator: Old Designator=R? New Designator=R30
Change Component Designator: Old Designator=R? New Designator=R31
Change Component Designator: Old Designator=R? New Designator=R32
Change Component Designator: Old Designator=R? New Designator=R33
Change Component Designator: Old Designator=R? New Designator=R34
Change Component Designator: Old Designator=R? New Designator=R35
Change Component Designator: Old Designator=R? New Designator=R36
Change Component Designator: Old Designator=R? New Designator=R37
Change Component Designator: Old Designator=R? New Designator=R38
Change Component Designator: Old Designator=R? New Designator=R39
Change Component Designator: Old Designator=R? New Designator=R40
Change Component Designator: Old Designator=T? New Designator=T2
Change Component Designator: Old Designator=U2 New Designator=U4
Change Component Designator: Old Designator=U2 New Designator=U4
Change Component Designator: Old Designator=U? New Designator=U5
