Change Component Designator: Old Designator=C? New Designator=C67
Change Component Designator: Old Designator=C? New Designator=C68
Change Component Designator: Old Designator=C? New Designator=C69
Change Component Designator: Old Designator=C? New Designator=C70
Change Component Designator: Old Designator=C? New Designator=C71
Change Component Designator: Old Designator=C? New Designator=C72
Change Component Designator: Old Designator=C? New Designator=C73
Change Component Designator: Old Designator=C? New Designator=C74
Change Component Designator: Old Designator=C? New Designator=C75
Change Component Designator: Old Designator=C? New Designator=C76
Change Component Designator: Old Designator=C? New Designator=C77
Change Component Designator: Old Designator=C? New Designator=C78
Change Component Designator: Old Designator=C? New Designator=C79
Change Component Designator: Old Designator=C? New Designator=C80
Change Component Designator: Old Designator=C? New Designator=C81
Change Component Designator: Old Designator=C? New Designator=C82
Change Component Designator: Old Designator=C? New Designator=C83
Change Component Designator: Old Designator=C? New Designator=C84
Change Component Designator: Old Designator=C? New Designator=C85
Change Component Designator: Old Designator=C? New Designator=C86
Change Component Designator: Old Designator=C? New Designator=C87
Change Component Designator: Old Designator=C? New Designator=C88
Change Component Designator: Old Designator=L? New Designator=L1
Change Component Designator: Old Designator=L? New Designator=L2
Change Component Designator: Old Designator=L? New Designator=L3
Change Component Designator: Old Designator=L? New Designator=L4
Change Component Designator: Old Designator=L? New Designator=L5
Change Component Designator: Old Designator=L? New Designator=L6
Change Component Designator: Old Designator=PTP? New Designator=PTP3
Change Component Designator: Old Designator=PTP? New Designator=PTP4
Change Component Designator: Old Designator=PTP? New Designator=PTP5
Change Component Designator: Old Designator=PTP? New Designator=PTP6
Change Component Designator: Old Designator=PTP? New Designator=PTP7
Change Component Designator: Old Designator=PTP? New Designator=PTP8
Change Component Designator: Old Designator=PTP? New Designator=PTP9
Change Component Designator: Old Designator=PTP? New Designator=PTP10
Change Component Designator: Old Designator=PTP? New Designator=PTP11
Change Component Designator: Old Designator=PTP? New Designator=PTP12
Change Component Designator: Old Designator=PTP? New Designator=PTP13
Change Component Designator: Old Designator=PTP? New Designator=PTP14
Change Component Designator: Old Designator=PTP? New Designator=PTP15
Change Component Designator: Old Designator=PTP? New Designator=PTP16
Change Component Designator: Old Designator=R? New Designator=R3
Change Component Designator: Old Designator=R? New Designator=R4
Change Component Designator: Old Designator=R? New Designator=R5
Change Component Designator: Old Designator=R? New Designator=R6
Change Component Designator: Old Designator=U? New Designator=U3
Change Component Designator: Old Designator=U? New Designator=U3
Change Component Designator: Old Designator=U? New Designator=U3
