Change Component Designator: Old Designator=1? New Designator=1
Change Component Designator: Old Designator=? New Designator=2
Change Component Designator: Old Designator=? New Designator=3
Change Component Designator: Old Designator=? New Designator=4
Change Component Designator: Old Designator=? New Designator=5
Change Component Designator: Old Designator=? New Designator=6
Change Component Designator: Old Designator=? New Designator=7
Change Component Designator: Old Designator=? New Designator=8
Change Component Designator: Old Designator=C? New Designator=C319
Change Component Designator: Old Designator=C? New Designator=C320
Change Component Designator: Old Designator=C? New Designator=C321
Change Component Designator: Old Designator=C? New Designator=C322
Change Component Designator: Old Designator=C? New Designator=C323
Change Component Designator: Old Designator=C? New Designator=C324
Change Component Designator: Old Designator=C? New Designator=C325
Change Component Designator: Old Designator=C? New Designator=C326
Change Component Designator: Old Designator=C? New Designator=C327
Change Component Designator: Old Designator=C? New Designator=C328
Change Component Designator: Old Designator=C? New Designator=C329
Change Component Designator: Old Designator=C? New Designator=C330
Change Component Designator: Old Designator=C? New Designator=C331
Change Component Designator: Old Designator=C? New Designator=C332
Change Component Designator: Old Designator=C? New Designator=C333
Change Component Designator: Old Designator=C? New Designator=C334
Change Component Designator: Old Designator=C? New Designator=C335
Change Component Designator: Old Designator=C? New Designator=C336
Change Component Designator: Old Designator=C? New Designator=C337
Change Component Designator: Old Designator=C? New Designator=C338
Change Component Designator: Old Designator=C? New Designator=C339
Change Component Designator: Old Designator=C? New Designator=C340
Change Component Designator: Old Designator=C? New Designator=C341
Change Component Designator: Old Designator=C? New Designator=C342
Change Component Designator: Old Designator=C? New Designator=C343
Change Component Designator: Old Designator=L? New Designator=L42
Change Component Designator: Old Designator=L? New Designator=L43
Change Component Designator: Old Designator=L? New Designator=L44
Change Component Designator: Old Designator=M? New Designator=M1
Change Component Designator: Old Designator=M? New Designator=M2
Change Component Designator: Old Designator=PTP? New Designator=PTP105
Change Component Designator: Old Designator=PTP? New Designator=PTP106
Change Component Designator: Old Designator=PTP? New Designator=PTP107
Change Component Designator: Old Designator=PTP? New Designator=PTP108
Change Component Designator: Old Designator=PTP? New Designator=PTP109
Change Component Designator: Old Designator=PTP? New Designator=PTP110
Change Component Designator: Old Designator=PTP? New Designator=PTP111
Change Component Designator: Old Designator=PTP? New Designator=PTP112
Change Component Designator: Old Designator=PTP? New Designator=PTP113
Change Component Designator: Old Designator=PTP? New Designator=PTP114
Change Component Designator: Old Designator=PTP? New Designator=PTP115
Change Component Designator: Old Designator=PTP? New Designator=PTP116
Change Component Designator: Old Designator=Q? New Designator=Q3
Change Component Designator: Old Designator=R? New Designator=R139
Change Component Designator: Old Designator=R? New Designator=R140
Change Component Designator: Old Designator=R? New Designator=R141
Change Component Designator: Old Designator=R? New Designator=R142
Change Component Designator: Old Designator=R? New Designator=R143
Change Component Designator: Old Designator=R? New Designator=R144
Change Component Designator: Old Designator=STP? New Designator=STP1
Change Component Designator: Old Designator=T? New Designator=T10
Change Component Designator: Old Designator=T? New Designator=T11
Change Component Designator: Old Designator=T? New Designator=T12
Change Component Designator: Old Designator=T? New Designator=T13
Change Component Designator: Old Designator=T? New Designator=T14
Change Component Designator: Old Designator=T? New Designator=T15
Change Component Designator: Old Designator=T? New Designator=T16
Change Component Designator: Old Designator=T? New Designator=T17
Change Component Designator: Old Designator=T? New Designator=T18
Change Component Designator: Old Designator=T? New Designator=T19
Change Component Designator: Old Designator=T? New Designator=T20
Change Component Designator: Old Designator=T? New Designator=T21
Change Component Designator: Old Designator=T? New Designator=T22
Change Component Designator: Old Designator=T? New Designator=T23
Change Component Designator: Old Designator=U? New Designator=U24
Change Component Designator: Old Designator=X? New Designator=X3
Change Component Designator: Old Designator=Y? New Designator=Y5
Change Component Designator: Old Designator=Y? New Designator=Y6
