Change Component Designator: Old Designator=1? New Designator=1
Change Component Designator: Old Designator=? New Designator=2
Change Component Designator: Old Designator=? New Designator=3
Change Component Designator: Old Designator=? New Designator=4
Change Component Designator: Old Designator=? New Designator=5
Change Component Designator: Old Designator=? New Designator=6
Change Component Designator: Old Designator=? New Designator=7
Change Component Designator: Old Designator=? New Designator=8
Change Component Designator: Old Designator=C? New Designator=C315
Change Component Designator: Old Designator=C? New Designator=C316
Change Component Designator: Old Designator=C? New Designator=C317
Change Component Designator: Old Designator=C? New Designator=C318
Change Component Designator: Old Designator=C? New Designator=C319
Change Component Designator: Old Designator=C? New Designator=C320
Change Component Designator: Old Designator=C? New Designator=C321
Change Component Designator: Old Designator=C? New Designator=C322
Change Component Designator: Old Designator=C? New Designator=C323
Change Component Designator: Old Designator=C? New Designator=C324
Change Component Designator: Old Designator=C? New Designator=C325
Change Component Designator: Old Designator=C? New Designator=C326
Change Component Designator: Old Designator=C? New Designator=C327
Change Component Designator: Old Designator=C? New Designator=C328
Change Component Designator: Old Designator=C? New Designator=C329
Change Component Designator: Old Designator=C? New Designator=C330
Change Component Designator: Old Designator=C? New Designator=C331
Change Component Designator: Old Designator=C? New Designator=C332
Change Component Designator: Old Designator=C? New Designator=C333
Change Component Designator: Old Designator=C? New Designator=C334
Change Component Designator: Old Designator=C? New Designator=C335
Change Component Designator: Old Designator=C? New Designator=C336
Change Component Designator: Old Designator=C? New Designator=C337
Change Component Designator: Old Designator=C? New Designator=C338
Change Component Designator: Old Designator=C? New Designator=C339
Change Component Designator: Old Designator=L? New Designator=L42
Change Component Designator: Old Designator=L? New Designator=L43
Change Component Designator: Old Designator=L? New Designator=L44
Change Component Designator: Old Designator=M? New Designator=M1
Change Component Designator: Old Designator=M? New Designator=M2
Change Component Designator: Old Designator=PTP? New Designator=PTP100
Change Component Designator: Old Designator=PTP? New Designator=PTP101
Change Component Designator: Old Designator=PTP? New Designator=PTP102
Change Component Designator: Old Designator=PTP? New Designator=PTP103
Change Component Designator: Old Designator=PTP? New Designator=PTP104
Change Component Designator: Old Designator=PTP? New Designator=PTP105
Change Component Designator: Old Designator=PTP? New Designator=PTP106
Change Component Designator: Old Designator=PTP? New Designator=PTP107
Change Component Designator: Old Designator=PTP? New Designator=PTP108
Change Component Designator: Old Designator=PTP? New Designator=PTP109
Change Component Designator: Old Designator=PTP? New Designator=PTP110
Change Component Designator: Old Designator=PTP? New Designator=PTP111
Change Component Designator: Old Designator=Q? New Designator=Q3
Change Component Designator: Old Designator=R? New Designator=R132
Change Component Designator: Old Designator=R? New Designator=R133
Change Component Designator: Old Designator=R? New Designator=R134
Change Component Designator: Old Designator=R? New Designator=R135
Change Component Designator: Old Designator=R? New Designator=R136
Change Component Designator: Old Designator=R? New Designator=R137
Change Component Designator: Old Designator=STP? New Designator=STP1
Change Component Designator: Old Designator=T? New Designator=T10
Change Component Designator: Old Designator=T? New Designator=T11
Change Component Designator: Old Designator=T? New Designator=T12
Change Component Designator: Old Designator=T? New Designator=T13
Change Component Designator: Old Designator=T? New Designator=T14
Change Component Designator: Old Designator=T? New Designator=T15
Change Component Designator: Old Designator=T? New Designator=T16
Change Component Designator: Old Designator=T? New Designator=T17
Change Component Designator: Old Designator=T? New Designator=T18
Change Component Designator: Old Designator=T? New Designator=T19
Change Component Designator: Old Designator=T? New Designator=T20
Change Component Designator: Old Designator=T? New Designator=T21
Change Component Designator: Old Designator=T? New Designator=T22
Change Component Designator: Old Designator=T? New Designator=T23
Change Component Designator: Old Designator=U? New Designator=U25
Change Component Designator: Old Designator=X? New Designator=X3
Change Component Designator: Old Designator=Y? New Designator=Y5
Change Component Designator: Old Designator=Y? New Designator=Y6
