Add component: Footprint Not Found CAP_0201_UN1Q
Add component: Footprint Not Found CAP_0201_UN1Q
Add component: Footprint Not Found CAP_0201_UN1Q
Add component: Footprint Not Found CAP_0201_UN1Q
Add component: Footprint Not Found HIROSE_DF40C-100DP-0.4V(51)
Add component: Footprint Not Found HIROSE_DF40C-100DP-0.4V(51)
Add component: Footprint Not Found PTP_0.4mm
Add component: Footprint Not Found PTP_0.4mm
Add component: Footprint Not Found PTP_0.4mm
Add component: Footprint Not Found PTP_0.4mm
Add component: Footprint Not Found RES_0201_UN1Q
Add component: Footprint Not Found W-PDFN-8MLP8_W7_MRN
Add Pin To Net: Unknown Pin: Pin C83-1
Add Pin To Net: Unknown Pin: Pin C83-2
Add Pin To Net: Unknown Pin: Pin C84-1
Add Pin To Net: Unknown Pin: Pin C84-2
Add Pin To Net: Unknown Pin: Pin C85-1
Add Pin To Net: Unknown Pin: Pin C85-2
Add Pin To Net: Unknown Pin: Pin C86-1
Add Pin To Net: Unknown Pin: Pin C86-2
Add Pin To Net: Unknown Pin: Pin J5-1
Add Pin To Net: Unknown Pin: Pin J5-2
Add Pin To Net: Unknown Pin: Pin J5-3
Add Pin To Net: Unknown Pin: Pin J5-4
Add Pin To Net: Unknown Pin: Pin J5-5
Add Pin To Net: Unknown Pin: Pin J5-6
Add Pin To Net: Unknown Pin: Pin J5-7
Add Pin To Net: Unknown Pin: Pin J5-8
Add Pin To Net: Unknown Pin: Pin J5-9
Add Pin To Net: Unknown Pin: Pin J5-10
Add Pin To Net: Unknown Pin: Pin J5-11
Add Pin To Net: Unknown Pin: Pin J5-12
Add Pin To Net: Unknown Pin: Pin J5-13
Add Pin To Net: Unknown Pin: Pin J5-14
Add Pin To Net: Unknown Pin: Pin J5-15
Add Pin To Net: Unknown Pin: Pin J5-16
Add Pin To Net: Unknown Pin: Pin J5-17
Add Pin To Net: Unknown Pin: Pin J5-18
Add Pin To Net: Unknown Pin: Pin J5-19
Add Pin To Net: Unknown Pin: Pin J5-20
Add Pin To Net: Unknown Pin: Pin J5-21
Add Pin To Net: Unknown Pin: Pin J5-22
Add Pin To Net: Unknown Pin: Pin J5-23
Add Pin To Net: Unknown Pin: Pin J5-24
Add Pin To Net: Unknown Pin: Pin J5-25
Add Pin To Net: Unknown Pin: Pin J5-26
Add Pin To Net: Unknown Pin: Pin J5-27
Add Pin To Net: Unknown Pin: Pin J5-28
Add Pin To Net: Unknown Pin: Pin J5-29
Add Pin To Net: Unknown Pin: Pin J5-30
Add Pin To Net: Unknown Pin: Pin J5-31
Add Pin To Net: Unknown Pin: Pin J5-32
Add Pin To Net: Unknown Pin: Pin J5-33
Add Pin To Net: Unknown Pin: Pin J5-34
Add Pin To Net: Unknown Pin: Pin J5-35
Add Pin To Net: Unknown Pin: Pin J5-36
Add Pin To Net: Unknown Pin: Pin J5-37
Add Pin To Net: Unknown Pin: Pin J5-38
Add Pin To Net: Unknown Pin: Pin J5-39
Add Pin To Net: Unknown Pin: Pin J5-40
Add Pin To Net: Unknown Pin: Pin J5-41
Add Pin To Net: Unknown Pin: Pin J5-42
Add Pin To Net: Unknown Pin: Pin J5-43
Add Pin To Net: Unknown Pin: Pin J5-44
Add Pin To Net: Unknown Pin: Pin J5-45
Add Pin To Net: Unknown Pin: Pin J5-46
Add Pin To Net: Unknown Pin: Pin J5-47
Add Pin To Net: Unknown Pin: Pin J5-49
Add Pin To Net: Unknown Pin: Pin J5-50
Add Pin To Net: Unknown Pin: Pin J5-51
Add Pin To Net: Unknown Pin: Pin J5-52
Add Pin To Net: Unknown Pin: Pin J5-53
Add Pin To Net: Unknown Pin: Pin J5-54
Add Pin To Net: Unknown Pin: Pin J5-55
Add Pin To Net: Unknown Pin: Pin J5-56
Add Pin To Net: Unknown Pin: Pin J5-57
Add Pin To Net: Unknown Pin: Pin J5-58
Add Pin To Net: Unknown Pin: Pin J5-59
Add Pin To Net: Unknown Pin: Pin J5-60
Add Pin To Net: Unknown Pin: Pin J5-61
Add Pin To Net: Unknown Pin: Pin J5-62
Add Pin To Net: Unknown Pin: Pin J5-63
Add Pin To Net: Unknown Pin: Pin J5-64
Add Pin To Net: Unknown Pin: Pin J5-65
Add Pin To Net: Unknown Pin: Pin J5-66
Add Pin To Net: Unknown Pin: Pin J5-67
Add Pin To Net: Unknown Pin: Pin J5-68
Add Pin To Net: Unknown Pin: Pin J5-69
Add Pin To Net: Unknown Pin: Pin J5-70
Add Pin To Net: Unknown Pin: Pin J5-73
Add Pin To Net: Unknown Pin: Pin J5-75
Add Pin To Net: Unknown Pin: Pin J5-76
Add Pin To Net: Unknown Pin: Pin J5-77
Add Pin To Net: Unknown Pin: Pin J5-78
Add Pin To Net: Unknown Pin: Pin J5-79
Add Pin To Net: Unknown Pin: Pin J5-80
Add Pin To Net: Unknown Pin: Pin J5-81
Add Pin To Net: Unknown Pin: Pin J5-82
Add Pin To Net: Unknown Pin: Pin J5-83
Add Pin To Net: Unknown Pin: Pin J5-84
Add Pin To Net: Unknown Pin: Pin J5-85
Add Pin To Net: Unknown Pin: Pin J5-86
Add Pin To Net: Unknown Pin: Pin J5-87
Add Pin To Net: Unknown Pin: Pin J5-88
Add Pin To Net: Unknown Pin: Pin J5-89
Add Pin To Net: Unknown Pin: Pin J5-90
Add Pin To Net: Unknown Pin: Pin J5-91
Add Pin To Net: Unknown Pin: Pin J5-92
Add Pin To Net: Unknown Pin: Pin J5-93
Add Pin To Net: Unknown Pin: Pin J5-94
Add Pin To Net: Unknown Pin: Pin J5-95
Add Pin To Net: Unknown Pin: Pin J5-96
Add Pin To Net: Unknown Pin: Pin J5-97
Add Pin To Net: Unknown Pin: Pin J5-98
Add Pin To Net: Unknown Pin: Pin J5-99
Add Pin To Net: Unknown Pin: Pin J5-100
Add Pin To Net: Unknown Pin: Pin PTP12-1
Add Pin To Net: Unknown Pin: Pin PTP13-1
Add Pin To Net: Unknown Pin: Pin PTP35-1
Add Pin To Net: Unknown Pin: Pin PTP36-1
Add Pin To Net: Unknown Pin: Pin R20-1
Add Pin To Net: Unknown Pin: Pin R20-2
Add Pin To Net: Unknown Pin: Pin U4-1
Add Pin To Net: Unknown Pin: Pin U4-2
Add Pin To Net: Unknown Pin: Pin U4-3
Add Pin To Net: Unknown Pin: Pin U4-4
Add Pin To Net: Unknown Pin: Pin U4-5
Add Pin To Net: Unknown Pin: Pin U4-6
Add Pin To Net: Unknown Pin: Pin U4-7
Add Pin To Net: Unknown Pin: Pin U4-8
Add Pin To Net: Unknown Pin: Pin U4-9
Add Class Member: Failed to add class member : Component C83 CAP_0201_220n_10V_X6S
Add Class Member: Failed to add class member : Component C84 CAP_0201_220n_10V_X6S
Add Class Member: Failed to add class member : Component C85 CAP_0201_220n_10V_X6S
Add Class Member: Failed to add class member : Component C86 CAP_0201_220n_10V_X6S
Add Class Member: Failed to add class member : Component J5 DF40C-100DP-0.4V(51)
Add Class Member: Failed to add class member : Component J? DF40C-100DP-0.4V(51)
Add Class Member: Failed to add class member : Component PTP12 PTP_0.4mm
Add Class Member: Failed to add class member : Component PTP13 PTP_0.4mm
Add Class Member: Failed to add class member : Component PTP35 PTP_0.4mm
Add Class Member: Failed to add class member : Component PTP36 PTP_0.4mm
Add Class Member: Failed to add class member : Component R20 RES_0201_200R
Add Class Member: Failed to add class member : Component U4 MT25QU256ABA1EW7-0SIT
