Change Component Designator: Old Designator=C98 New Designator=C141
Change Component Designator: Old Designator=C99 New Designator=C142
Change Component Designator: Old Designator=C100 New Designator=C143
Change Component Designator: Old Designator=C101 New Designator=C144
Change Component Designator: Old Designator=C102 New Designator=C145
Change Component Designator: Old Designator=C103 New Designator=C146
Change Component Designator: Old Designator=C104 New Designator=C147
Change Component Designator: Old Designator=C105 New Designator=C148
Change Component Designator: Old Designator=C106 New Designator=C153
Change Component Designator: Old Designator=C107 New Designator=C154
Change Component Designator: Old Designator=C108 New Designator=C155
Change Component Designator: Old Designator=C109 New Designator=C156
Change Component Designator: Old Designator=C110 New Designator=C157
Change Component Designator: Old Designator=C111 New Designator=C158
Change Component Designator: Old Designator=C112 New Designator=C149
Change Component Designator: Old Designator=C113 New Designator=C150
Change Component Designator: Old Designator=C114 New Designator=C151
Change Component Designator: Old Designator=C115 New Designator=C152
Change Component Designator: Old Designator=C116 New Designator=C159
Change Component Designator: Old Designator=C117 New Designator=C160
Change Component Designator: Old Designator=C118 New Designator=C161
Change Component Designator: Old Designator=C119 New Designator=C162
Change Component Designator: Old Designator=C120 New Designator=C163
Change Component Designator: Old Designator=C121 New Designator=C164
Change Component Designator: Old Designator=C122 New Designator=C165
Change Component Designator: Old Designator=C123 New Designator=C166
Change Component Designator: Old Designator=C? New Designator=C167
Change Component Designator: Old Designator=C? New Designator=C168
Change Component Designator: Old Designator=C? New Designator=C169
Change Component Designator: Old Designator=C? New Designator=C170
Change Component Designator: Old Designator=C? New Designator=C171
Change Component Designator: Old Designator=C? New Designator=C172
Change Component Designator: Old Designator=C? New Designator=C173
Change Component Designator: Old Designator=C? New Designator=C174
Change Component Designator: Old Designator=C? New Designator=C175
Change Component Designator: Old Designator=C? New Designator=C176
Change Component Designator: Old Designator=C? New Designator=C177
Change Component Designator: Old Designator=C? New Designator=C178
Change Component Designator: Old Designator=C? New Designator=C179
Change Component Designator: Old Designator=C? New Designator=C180
Change Component Designator: Old Designator=C? New Designator=C181
Change Component Designator: Old Designator=C? New Designator=C182
Change Component Designator: Old Designator=C? New Designator=C183
Change Component Designator: Old Designator=C? New Designator=C184
Change Component Designator: Old Designator=C? New Designator=C185
Change Component Designator: Old Designator=C? New Designator=C186
Change Component Designator: Old Designator=C? New Designator=C187
Change Component Designator: Old Designator=C? New Designator=C188
Change Component Designator: Old Designator=C? New Designator=C189
Change Component Designator: Old Designator=C? New Designator=C190
Change Component Designator: Old Designator=C? New Designator=C191
Change Component Designator: Old Designator=C? New Designator=C192
Change Component Designator: Old Designator=C? New Designator=C193
Change Component Designator: Old Designator=C? New Designator=C194
Change Component Designator: Old Designator=C? New Designator=C195
Change Component Designator: Old Designator=C? New Designator=C196
Change Component Designator: Old Designator=C? New Designator=C197
Change Component Designator: Old Designator=C? New Designator=C198
Change Component Designator: Old Designator=C? New Designator=C199
Change Component Designator: Old Designator=C? New Designator=C200
Change Component Designator: Old Designator=C? New Designator=C201
Change Component Designator: Old Designator=C? New Designator=C202
Change Component Designator: Old Designator=C? New Designator=C203
Change Component Designator: Old Designator=C? New Designator=C204
Change Component Designator: Old Designator=C? New Designator=C205
Change Component Designator: Old Designator=C? New Designator=C206
Change Component Designator: Old Designator=C? New Designator=C207
Change Component Designator: Old Designator=C? New Designator=C208
Change Component Designator: Old Designator=C? New Designator=C209
Change Component Designator: Old Designator=C? New Designator=C210
Change Component Designator: Old Designator=C? New Designator=C211
Change Component Designator: Old Designator=C? New Designator=C212
Change Component Designator: Old Designator=C? New Designator=C213
Change Component Designator: Old Designator=C? New Designator=C214
Change Component Designator: Old Designator=C? New Designator=C215
Change Component Designator: Old Designator=C? New Designator=C216
Change Component Designator: Old Designator=C? New Designator=C217
Change Component Designator: Old Designator=C? New Designator=C218
Change Component Designator: Old Designator=C? New Designator=C219
Change Component Designator: Old Designator=CR? New Designator=CR1
Change Component Designator: Old Designator=F? New Designator=F1
Change Component Designator: Old Designator=J? New Designator=J4
Change Component Designator: Old Designator=J? New Designator=J5
Change Component Designator: Old Designator=J? New Designator=J6
Change Component Designator: Old Designator=L8 New Designator=L9
Change Component Designator: Old Designator=L9 New Designator=L10
Change Component Designator: Old Designator=L10 New Designator=L12
Change Component Designator: Old Designator=L12 New Designator=L13
Change Component Designator: Old Designator=L? New Designator=L14
Change Component Designator: Old Designator=L? New Designator=L15
Change Component Designator: Old Designator=L? New Designator=L16
Change Component Designator: Old Designator=L? New Designator=L17
Change Component Designator: Old Designator=L? New Designator=L18
Change Component Designator: Old Designator=L? New Designator=L19
Change Component Designator: Old Designator=L? New Designator=L20
Change Component Designator: Old Designator=L? New Designator=L21
Change Component Designator: Old Designator=L? New Designator=L22
Change Component Designator: Old Designator=PTP24 New Designator=PTP46
Change Component Designator: Old Designator=PTP25 New Designator=PTP49
Change Component Designator: Old Designator=PTP26 New Designator=PTP47
Change Component Designator: Old Designator=PTP27 New Designator=PTP51
Change Component Designator: Old Designator=PTP28 New Designator=PTP48
Change Component Designator: Old Designator=PTP29 New Designator=PTP52
Change Component Designator: Old Designator=PTP30 New Designator=PTP50
Change Component Designator: Old Designator=PTP31 New Designator=PTP53
Change Component Designator: Old Designator=PTP32 New Designator=PTP54
Change Component Designator: Old Designator=PTP33 New Designator=PTP55
Change Component Designator: Old Designator=PTP34 New Designator=PTP56
Change Component Designator: Old Designator=PTP35 New Designator=PTP57
Change Component Designator: Old Designator=PTP36 New Designator=PTP61
Change Component Designator: Old Designator=PTP? New Designator=PTP58
Change Component Designator: Old Designator=PTP? New Designator=PTP59
Change Component Designator: Old Designator=PTP? New Designator=PTP60
Change Component Designator: Old Designator=PTP? New Designator=PTP62
Change Component Designator: Old Designator=PTP? New Designator=PTP63
Change Component Designator: Old Designator=PTP? New Designator=PTP64
Change Component Designator: Old Designator=PTP? New Designator=PTP65
Change Component Designator: Old Designator=PTP? New Designator=PTP66
Change Component Designator: Old Designator=PTP? New Designator=PTP67
Change Component Designator: Old Designator=PTP? New Designator=PTP68
Change Component Designator: Old Designator=PTP? New Designator=PTP69
Change Component Designator: Old Designator=PTP? New Designator=PTP70
Change Component Designator: Old Designator=PTP? New Designator=PTP71
Change Component Designator: Old Designator=PTP? New Designator=PTP72
Change Component Designator: Old Designator=PTP? New Designator=PTP73
Change Component Designator: Old Designator=PTP? New Designator=PTP74
Change Component Designator: Old Designator=PTP? New Designator=PTP75
Change Component Designator: Old Designator=PTP? New Designator=PTP76
Change Component Designator: Old Designator=PTP? New Designator=PTP77
Change Component Designator: Old Designator=PTP? New Designator=PTP78
Change Component Designator: Old Designator=PTP? New Designator=PTP79
Change Component Designator: Old Designator=PTP? New Designator=PTP80
Change Component Designator: Old Designator=PTP? New Designator=PTP81
Change Component Designator: Old Designator=PTP? New Designator=PTP82
Change Component Designator: Old Designator=PTP? New Designator=PTP83
Change Component Designator: Old Designator=PTP? New Designator=PTP84
Change Component Designator: Old Designator=PTP? New Designator=PTP85
Change Component Designator: Old Designator=Q? New Designator=Q1
Change Component Designator: Old Designator=R10 New Designator=R48
Change Component Designator: Old Designator=R11 New Designator=R49
Change Component Designator: Old Designator=R12 New Designator=R50
Change Component Designator: Old Designator=R13 New Designator=R51
Change Component Designator: Old Designator=R14 New Designator=R52
Change Component Designator: Old Designator=R15 New Designator=R53
Change Component Designator: Old Designator=R16 New Designator=R54
Change Component Designator: Old Designator=R17 New Designator=R55
Change Component Designator: Old Designator=R18 New Designator=R56
Change Component Designator: Old Designator=R? New Designator=R57
Change Component Designator: Old Designator=R? New Designator=R58
Change Component Designator: Old Designator=R? New Designator=R59
Change Component Designator: Old Designator=R? New Designator=R60
Change Component Designator: Old Designator=R? New Designator=R61
Change Component Designator: Old Designator=R? New Designator=R62
Change Component Designator: Old Designator=R? New Designator=R63
Change Component Designator: Old Designator=R? New Designator=R64
Change Component Designator: Old Designator=R? New Designator=R65
Change Component Designator: Old Designator=R? New Designator=R66
Change Component Designator: Old Designator=R? New Designator=R67
Change Component Designator: Old Designator=R? New Designator=R68
Change Component Designator: Old Designator=R? New Designator=R69
Change Component Designator: Old Designator=R? New Designator=R70
Change Component Designator: Old Designator=R? New Designator=R71
Change Component Designator: Old Designator=R? New Designator=R72
Change Component Designator: Old Designator=R? New Designator=R73
Change Component Designator: Old Designator=T? New Designator=T3
Change Component Designator: Old Designator=U4 New Designator=U7
Change Component Designator: Old Designator=U? New Designator=U8
Change Component Designator: Old Designator=U? New Designator=U9
