Change Component Designator: Old Designator=C? New Designator=C308
Change Component Designator: Old Designator=C? New Designator=C309
Change Component Designator: Old Designator=C? New Designator=C310
Change Component Designator: Old Designator=C? New Designator=C311
Change Component Designator: Old Designator=C? New Designator=C312
Change Component Designator: Old Designator=C? New Designator=C313
Change Component Designator: Old Designator=C? New Designator=C314
Change Component Designator: Old Designator=J? New Designator=J20
Change Component Designator: Old Designator=J? New Designator=J21
Change Component Designator: Old Designator=L? New Designator=L40
Change Component Designator: Old Designator=L? New Designator=L41
Change Component Designator: Old Designator=N? New Designator=N1
Change Component Designator: Old Designator=PTP? New Designator=PTP97
Change Component Designator: Old Designator=PTP? New Designator=PTP98
Change Component Designator: Old Designator=PTP? New Designator=PTP99
Change Component Designator: Old Designator=R? New Designator=R130
Change Component Designator: Old Designator=R? New Designator=R131
Change Component Designator: Old Designator=T? New Designator=T8
Change Component Designator: Old Designator=T? New Designator=T9
Change Component Designator: Old Designator=U? New Designator=U24
Change Component Designator: Old Designator=X? New Designator=X2
