Change Component Designator: Old Designator=C? New Designator=C312
Change Component Designator: Old Designator=C? New Designator=C313
Change Component Designator: Old Designator=C? New Designator=C314
Change Component Designator: Old Designator=C? New Designator=C315
Change Component Designator: Old Designator=C? New Designator=C316
Change Component Designator: Old Designator=C? New Designator=C317
Change Component Designator: Old Designator=C? New Designator=C318
Change Component Designator: Old Designator=J New Designator=J21
Change Component Designator: Old Designator=J? New Designator=J20
Change Component Designator: Old Designator=J? New Designator=J22
Change Component Designator: Old Designator=L? New Designator=L40
Change Component Designator: Old Designator=L? New Designator=L41
Change Component Designator: Old Designator=N? New Designator=N1
Change Component Designator: Old Designator=PTP? New Designator=PTP102
Change Component Designator: Old Designator=PTP? New Designator=PTP103
Change Component Designator: Old Designator=PTP? New Designator=PTP104
Change Component Designator: Old Designator=R? New Designator=R137
Change Component Designator: Old Designator=R? New Designator=R138
Change Component Designator: Old Designator=T? New Designator=T8
Change Component Designator: Old Designator=T? New Designator=T9
Change Component Designator: Old Designator=U? New Designator=U23
Change Component Designator: Old Designator=X? New Designator=X2
