Change Component Footprint: Designator=C58 Old Footprint=CAP_0201_UN1Q New Footprint=CAP_0201_UN1Q
Change Component Footprint: Designator=C59 Old Footprint=CAP_0201_UN1Q New Footprint=CAP_0201_UN1Q
Change Component Footprint: Designator=C61 Old Footprint=CAP_0201_UN1Q New Footprint=CAP_0201_UN1Q
Change Component Footprint: Designator=C62 Old Footprint=CAP_0201_UN1Q New Footprint=CAP_0201_UN1Q
Change Component Footprint: Designator=C63 Old Footprint=CAP_0201_UN1Q New Footprint=CAP_0201_UN1Q
Change Component Footprint: Designator=C64 Old Footprint=CAP_0201_UN1Q New Footprint=CAP_0201_UN1Q
Change Component Footprint: Designator=C65 Old Footprint=CAP_0201_UN1Q New Footprint=CAP_0201_UN1Q
Change Component Footprint: Designator=C68 Old Footprint=CAP_0201_UN1Q New Footprint=CAP_0201_UN1Q
Change Component Footprint: Designator=C72 Old Footprint=CAP_0201_UN1Q New Footprint=CAP_0201_UN1Q
Change Component Footprint: Designator=C96 Old Footprint=CAP_0201_UN1Q New Footprint=CAP_0201_UN1Q
Change Component Footprint: Designator=C97 Old Footprint=CAP_0201_UN1Q New Footprint=CAP_0201_UN1Q
Change Component Footprint: Designator=C115 Old Footprint=CAP_0201_UN1Q New Footprint=CAP_0201_UN1Q
Change Component Footprint: Designator=C57 Old Footprint=CAP_0402_H09W07_UN1Q New Footprint=CAP_0402_H09W07_UN1Q
Change Component Footprint: Designator=C60 Old Footprint=CAP_0402_H09W07_UN1Q New Footprint=CAP_0402_H09W07_UN1Q
Change Component Footprint: Designator=C66 Old Footprint=CAP_0402_H09W07_UN1Q New Footprint=CAP_0402_H09W07_UN1Q
Change Component Footprint: Designator=C74 Old Footprint=CAP_0402_H09W07_UN1Q New Footprint=CAP_0402_H09W07_UN1Q
Change Component Footprint: Designator=C78 Old Footprint=CAP_0402_H09W07_UN1Q New Footprint=CAP_0402_H09W07_UN1Q
Change Component Footprint: Designator=C84 Old Footprint=CAP_0402_H09W07_UN1Q New Footprint=CAP_0402_H09W07_UN1Q
Change Component Footprint: Designator=C95 Old Footprint=CAP_0402_H09W07_UN1Q New Footprint=CAP_0402_H09W07_UN1Q
Change Component Footprint: Designator=C87 Old Footprint=CAP_0402_UN1Q New Footprint=CAP_0402_UN1Q
Change Component Footprint: Designator=C91 Old Footprint=CAP_0402_UN1Q New Footprint=CAP_0402_UN1Q
Change Component Footprint: Designator=C94 Old Footprint=CAP_0402_UN1Q New Footprint=CAP_0402_UN1Q
Change Component Footprint: Designator=C99 Old Footprint=CAP_0402_UN1Q New Footprint=CAP_0402_UN1Q
Change Component Footprint: Designator=C104 Old Footprint=CAP_0402_UN1Q New Footprint=CAP_0402_UN1Q
Change Component Footprint: Designator=C105 Old Footprint=CAP_0402_UN1Q New Footprint=CAP_0402_UN1Q
Change Component Footprint: Designator=C108 Old Footprint=CAP_0402_UN1Q New Footprint=CAP_0402_UN1Q
Change Component Footprint: Designator=C109 Old Footprint=CAP_0402_UN1Q New Footprint=CAP_0402_UN1Q
Change Component Footprint: Designator=C112 Old Footprint=CAP_0402_UN1Q New Footprint=CAP_0402_UN1Q
Change Component Footprint: Designator=C114 Old Footprint=CAP_0402_UN1Q New Footprint=CAP_0402_UN1Q
Change Component Footprint: Designator=C116 Old Footprint=CAP_0402_UN1Q New Footprint=CAP_0402_UN1Q
Change Component Footprint: Designator=C121 Old Footprint=CAP_0402_UN1Q New Footprint=CAP_0402_UN1Q
Change Component Footprint: Designator=C122 Old Footprint=CAP_0402_UN1Q New Footprint=CAP_0402_UN1Q
Change Component Footprint: Designator=C123 Old Footprint=CAP_0402_UN1Q New Footprint=CAP_0402_UN1Q
Change Component Footprint: Designator=C67 Old Footprint=CAP_0603_UN1Q New Footprint=CAP_0603_UN1Q
Change Component Footprint: Designator=C69 Old Footprint=CAP_0603_UN1Q New Footprint=CAP_0603_UN1Q
Change Component Footprint: Designator=C70 Old Footprint=CAP_0603_UN1Q New Footprint=CAP_0603_UN1Q
Change Component Footprint: Designator=C71 Old Footprint=CAP_0603_UN1Q New Footprint=CAP_0603_UN1Q
Change Component Footprint: Designator=C73 Old Footprint=CAP_0603_UN1Q New Footprint=CAP_0603_UN1Q
Change Component Footprint: Designator=C75 Old Footprint=CAP_0603_UN1Q New Footprint=CAP_0603_UN1Q
Change Component Footprint: Designator=C76 Old Footprint=CAP_0603_UN1Q New Footprint=CAP_0603_UN1Q
Change Component Footprint: Designator=C77 Old Footprint=CAP_0603_UN1Q New Footprint=CAP_0603_UN1Q
Change Component Footprint: Designator=C79 Old Footprint=CAP_0603_UN1Q New Footprint=CAP_0603_UN1Q
Change Component Footprint: Designator=C80 Old Footprint=CAP_0603_UN1Q New Footprint=CAP_0603_UN1Q
Change Component Footprint: Designator=C81 Old Footprint=CAP_0603_UN1Q New Footprint=CAP_0603_UN1Q
Change Component Footprint: Designator=C82 Old Footprint=CAP_0603_UN1Q New Footprint=CAP_0603_UN1Q
Change Component Footprint: Designator=C83 Old Footprint=CAP_0603_UN1Q New Footprint=CAP_0603_UN1Q
Change Component Footprint: Designator=C85 Old Footprint=CAP_0603_UN1Q New Footprint=CAP_0603_UN1Q
Change Component Footprint: Designator=C86 Old Footprint=CAP_0603_UN1Q New Footprint=CAP_0603_UN1Q
Change Component Footprint: Designator=C88 Old Footprint=CAP_0603_UN1Q New Footprint=CAP_0603_UN1Q
Change Component Footprint: Designator=C89 Old Footprint=CAP_0603_UN1Q New Footprint=CAP_0603_UN1Q
Change Component Footprint: Designator=C90 Old Footprint=CAP_0603_UN1Q New Footprint=CAP_0603_UN1Q
Change Component Footprint: Designator=C92 Old Footprint=CAP_0603_UN1Q New Footprint=CAP_0603_UN1Q
Change Component Footprint: Designator=C93 Old Footprint=CAP_0603_UN1Q New Footprint=CAP_0603_UN1Q
Change Component Footprint: Designator=C100 Old Footprint=CAP_0805_UN1Q New Footprint=CAP_0805_UN1Q
Change Component Footprint: Designator=C101 Old Footprint=CAP_0805_UN1Q New Footprint=CAP_0805_UN1Q
Change Component Footprint: Designator=C102 Old Footprint=CAP_0805_UN1Q New Footprint=CAP_0805_UN1Q
Change Component Footprint: Designator=C103 Old Footprint=CAP_0805_UN1Q New Footprint=CAP_0805_UN1Q
Change Component Footprint: Designator=C106 Old Footprint=CAP_0805_UN1Q New Footprint=CAP_0805_UN1Q
Change Component Footprint: Designator=C107 Old Footprint=CAP_0805_UN1Q New Footprint=CAP_0805_UN1Q
Change Component Footprint: Designator=C110 Old Footprint=CAP_0805_UN1Q New Footprint=CAP_0805_UN1Q
Change Component Footprint: Designator=C111 Old Footprint=CAP_0805_UN1Q New Footprint=CAP_0805_UN1Q
Change Component Footprint: Designator=C117 Old Footprint=CAP_0805_UN1Q New Footprint=CAP_0805_UN1Q
Change Component Footprint: Designator=C118 Old Footprint=CAP_0805_UN1Q New Footprint=CAP_0805_UN1Q
Change Component Footprint: Designator=C119 Old Footprint=CAP_0805_UN1Q New Footprint=CAP_0805_UN1Q
Change Component Footprint: Designator=C120 Old Footprint=CAP_0805_UN1Q New Footprint=CAP_0805_UN1Q
Change Component Footprint: Designator=C98 Old Footprint=CAP_1206_UN1Q New Footprint=CAP_1206_UN1Q
Change Component Footprint: Designator=C113 Old Footprint=CAP_1206_UN1Q New Footprint=CAP_1206_UN1Q
Change Component Footprint: Designator=QZ1 Old Footprint=CM8V32768TA020125_MC New Footprint=CM8V32768TA020125_MC
Change Component Footprint: Designator=L7 Old Footprint=FERR_BLM15KD New Footprint=FERR_BLM15KD
Change Component Footprint: Designator=L8 Old Footprint=FERR_BLM15KD New Footprint=FERR_BLM15KD
Change Component Footprint: Designator=L9 Old Footprint=FERR_BLM15KD New Footprint=FERR_BLM15KD
Change Component Footprint: Designator=L11 Old Footprint=FERR_BLM15KD New Footprint=FERR_BLM15KD
Change Component Footprint: Designator=L12 Old Footprint=FERR_BLM15KD New Footprint=FERR_BLM15KD
Change Component Footprint: Designator=U2 Old Footprint=GA153C50P14X14_1150X1300X120 New Footprint=GA153C50P14X14_1150X1300X120
Change Component Footprint: Designator=U2 Old Footprint=GA153C50P14X14_1150X1300X120 New Footprint=GA153C50P14X14_1150X1300X120
Change Component Footprint: Designator=L1 Old Footprint=IND_VLS2520 New Footprint=IND_VLS2520
Change Component Footprint: Designator=L2 Old Footprint=IND_VLS2520 New Footprint=IND_VLS2520
Change Component Footprint: Designator=L3 Old Footprint=IND_VLS2520 New Footprint=IND_VLS2520
Change Component Footprint: Designator=L4 Old Footprint=IND_VLS2520 New Footprint=IND_VLS2520
Change Component Footprint: Designator=L5 Old Footprint=IND_VLS2520 New Footprint=IND_VLS2520
Change Component Footprint: Designator=L6 Old Footprint=IND_VLS2520 New Footprint=IND_VLS2520
Change Component Footprint: Designator=L10 Old Footprint=IND_XGL4030 New Footprint=IND_XGL4030
Change Component Footprint: Designator=PTP1 Old Footprint=PTP_0.4mm New Footprint=PTP_0.4mm
Change Component Footprint: Designator=PTP2 Old Footprint=PTP_0.4mm New Footprint=PTP_0.4mm
Change Component Footprint: Designator=PTP3 Old Footprint=PTP_0.4mm New Footprint=PTP_0.4mm
Change Component Footprint: Designator=PTP4 Old Footprint=PTP_0.4mm New Footprint=PTP_0.4mm
Change Component Footprint: Designator=PTP5 Old Footprint=PTP_0.4mm New Footprint=PTP_0.4mm
Change Component Footprint: Designator=PTP6 Old Footprint=PTP_0.4mm New Footprint=PTP_0.4mm
Change Component Footprint: Designator=PTP7 Old Footprint=PTP_0.4mm New Footprint=PTP_0.4mm
Change Component Footprint: Designator=PTP8 Old Footprint=PTP_0.4mm New Footprint=PTP_0.4mm
Change Component Footprint: Designator=PTP9 Old Footprint=PTP_0.4mm New Footprint=PTP_0.4mm
Change Component Footprint: Designator=PTP10 Old Footprint=PTP_0.4mm New Footprint=PTP_0.4mm
Change Component Footprint: Designator=PTP11 Old Footprint=PTP_0.4mm New Footprint=PTP_0.4mm
Change Component Footprint: Designator=PTP12 Old Footprint=PTP_0.4mm New Footprint=PTP_0.4mm
Change Component Footprint: Designator=PTP13 Old Footprint=PTP_0.4mm New Footprint=PTP_0.4mm
Change Component Footprint: Designator=PTP14 Old Footprint=PTP_0.4mm New Footprint=PTP_0.4mm
Change Component Footprint: Designator=PTP15 Old Footprint=PTP_0.4mm New Footprint=PTP_0.4mm
Change Component Footprint: Designator=PTP16 Old Footprint=PTP_0.4mm New Footprint=PTP_0.4mm
Change Component Footprint: Designator=PTP17 Old Footprint=PTP_0.4mm New Footprint=PTP_0.4mm
Change Component Footprint: Designator=PTP18 Old Footprint=PTP_0.4mm New Footprint=PTP_0.4mm
Change Component Footprint: Designator=PTP19 Old Footprint=PTP_0.4mm New Footprint=PTP_0.4mm
Change Component Footprint: Designator=PTP22 Old Footprint=PTP_0.4mm New Footprint=PTP_0.4mm
Change Component Footprint: Designator=PTP23 Old Footprint=PTP_0.4mm New Footprint=PTP_0.4mm
Change Component Footprint: Designator=PTP24 Old Footprint=PTP_0.4mm New Footprint=PTP_0.4mm
Change Component Footprint: Designator=PTP25 Old Footprint=PTP_0.4mm New Footprint=PTP_0.4mm
Change Component Footprint: Designator=PTP26 Old Footprint=PTP_0.4mm New Footprint=PTP_0.4mm
Change Component Footprint: Designator=PTP27 Old Footprint=PTP_0.4mm New Footprint=PTP_0.4mm
Change Component Footprint: Designator=PTP28 Old Footprint=PTP_0.4mm New Footprint=PTP_0.4mm
Change Component Footprint: Designator=PTP29 Old Footprint=PTP_0.4mm New Footprint=PTP_0.4mm
Change Component Footprint: Designator=PTP30 Old Footprint=PTP_0.4mm New Footprint=PTP_0.4mm
Change Component Footprint: Designator=PTP31 Old Footprint=PTP_0.4mm New Footprint=PTP_0.4mm
Change Component Footprint: Designator=PTP32 Old Footprint=PTP_0.4mm New Footprint=PTP_0.4mm
Change Component Footprint: Designator=PTP33 Old Footprint=PTP_0.4mm New Footprint=PTP_0.4mm
Change Component Footprint: Designator=PTP34 Old Footprint=PTP_0.4mm New Footprint=PTP_0.4mm
Change Component Footprint: Designator=PTP35 Old Footprint=PTP_0.4mm New Footprint=PTP_0.4mm
Change Component Footprint: Designator=PTP36 Old Footprint=PTP_0.4mm New Footprint=PTP_0.4mm
Change Component Footprint: Designator=U3 Old Footprint=QFN57P40_700X700X100NXP New Footprint=QFN57P40_700X700X100NXP
Change Component Footprint: Designator=U3 Old Footprint=QFN57P40_700X700X100NXP New Footprint=QFN57P40_700X700X100NXP
Change Component Footprint: Designator=U3 Old Footprint=QFN57P40_700X700X100NXP New Footprint=QFN57P40_700X700X100NXP
Change Component Footprint: Designator=U4 Old Footprint=QFN-FCMOD-28_TI New Footprint=QFN-FCMOD-28_TI
Change Component Footprint: Designator=R1 Old Footprint=RES_0201_UN1Q New Footprint=RES_0201_UN1Q
Change Component Footprint: Designator=R2 Old Footprint=RES_0201_UN1Q New Footprint=RES_0201_UN1Q
Change Component Footprint: Designator=R3 Old Footprint=RES_0201_UN1Q New Footprint=RES_0201_UN1Q
Change Component Footprint: Designator=R4 Old Footprint=RES_0201_UN1Q New Footprint=RES_0201_UN1Q
Change Component Footprint: Designator=R5 Old Footprint=RES_0201_UN1Q New Footprint=RES_0201_UN1Q
Change Component Footprint: Designator=R6 Old Footprint=RES_0201_UN1Q New Footprint=RES_0201_UN1Q
Change Component Footprint: Designator=R7 Old Footprint=RES_0201_UN1Q New Footprint=RES_0201_UN1Q
Change Component Footprint: Designator=R8 Old Footprint=RES_0201_UN1Q New Footprint=RES_0201_UN1Q
Change Component Footprint: Designator=R9 Old Footprint=RES_0201_UN1Q New Footprint=RES_0201_UN1Q
Change Component Footprint: Designator=R10 Old Footprint=RES_0201_UN1Q New Footprint=RES_0201_UN1Q
Change Component Footprint: Designator=R11 Old Footprint=RES_0201_UN1Q New Footprint=RES_0201_UN1Q
Change Component Footprint: Designator=R12 Old Footprint=RES_0201_UN1Q New Footprint=RES_0201_UN1Q
Change Component Footprint: Designator=R13 Old Footprint=RES_0201_UN1Q New Footprint=RES_0201_UN1Q
Change Component Footprint: Designator=R14 Old Footprint=RES_0201_UN1Q New Footprint=RES_0201_UN1Q
Change Component Footprint: Designator=R15 Old Footprint=RES_0201_UN1Q New Footprint=RES_0201_UN1Q
Change Component Footprint: Designator=R16 Old Footprint=RES_0201_UN1Q New Footprint=RES_0201_UN1Q
Change Component Footprint: Designator=R17 Old Footprint=RES_0201_UN1Q New Footprint=RES_0201_UN1Q
Change Component Footprint: Designator=R18 Old Footprint=RES_0201_UN1Q New Footprint=RES_0201_UN1Q
Change Component Footprint: Designator=T? Old Footprint=SGP1610N2_Semtech New Footprint=SGP1610N2_Semtech
Change Component Footprint: Designator=J1 Old Footprint=TP_1x2mm_UN1Q New Footprint=TP_1x2mm_UN1Q
Change Component Footprint: Designator=J2 Old Footprint=TP_1x2mm_UN1Q New Footprint=TP_1x2mm_UN1Q
Change Component Footprint: Designator=J? Old Footprint=TP_1x2mm_UN1Q New Footprint=TP_1x2mm_UN1Q
Change Component Footprint: Designator=J? Old Footprint=TP_1x2mm_UN1Q New Footprint=TP_1x2mm_UN1Q
