Change Component Designator: Old Designator=C? New Designator=C137
Change Component Designator: Old Designator=C? New Designator=C138
Change Component Designator: Old Designator=C? New Designator=C139
Change Component Designator: Old Designator=C? New Designator=C140
Change Component Designator: Old Designator=C? New Designator=C222
Change Component Designator: Old Designator=C? New Designator=C223
Change Component Designator: Old Designator=C? New Designator=C224
Change Component Designator: Old Designator=C? New Designator=C225
Change Component Designator: Old Designator=C? New Designator=C226
Change Component Designator: Old Designator=C? New Designator=C227
Change Component Designator: Old Designator=C? New Designator=C228
Change Component Designator: Old Designator=C? New Designator=C229
Change Component Designator: Old Designator=C? New Designator=C230
Change Component Designator: Old Designator=C? New Designator=C231
Change Component Designator: Old Designator=C? New Designator=C232
Change Component Designator: Old Designator=D? New Designator=D1
Change Component Designator: Old Designator=J? New Designator=J7
Change Component Designator: Old Designator=J? New Designator=J8
Change Component Designator: Old Designator=L? New Designator=L23
Change Component Designator: Old Designator=L? New Designator=L24
Change Component Designator: Old Designator=L? New Designator=L25
Change Component Designator: Old Designator=PTP? New Designator=PTP41
Change Component Designator: Old Designator=R? New Designator=R41
Change Component Designator: Old Designator=R? New Designator=R42
Change Component Designator: Old Designator=R? New Designator=R43
Change Component Designator: Old Designator=R? New Designator=R44
Change Component Designator: Old Designator=R? New Designator=R45
Change Component Designator: Old Designator=R? New Designator=R46
Change Component Designator: Old Designator=R? New Designator=R47
Change Component Designator: Old Designator=T? New Designator=T4
Change Component Designator: Old Designator=T? New Designator=T5
Change Component Designator: Old Designator=U? New Designator=U12
Change Component Designator: Old Designator=Y? New Designator=Y2
