Change Component Designator: Old Designator=C? New Designator=C262
Change Component Designator: Old Designator=C? New Designator=C263
Change Component Designator: Old Designator=C? New Designator=C264
Change Component Designator: Old Designator=C? New Designator=C265
Change Component Designator: Old Designator=C? New Designator=C266
Change Component Designator: Old Designator=C? New Designator=C267
Change Component Designator: Old Designator=C? New Designator=C268
Change Component Designator: Old Designator=C? New Designator=C269
Change Component Designator: Old Designator=C? New Designator=C270
Change Component Designator: Old Designator=C? New Designator=C271
Change Component Designator: Old Designator=C? New Designator=C272
Change Component Designator: Old Designator=C? New Designator=C273
Change Component Designator: Old Designator=C? New Designator=C274
Change Component Designator: Old Designator=C? New Designator=C275
Change Component Designator: Old Designator=C? New Designator=C276
Change Component Designator: Old Designator=C? New Designator=C277
Change Component Designator: Old Designator=C? New Designator=C278
Change Component Designator: Old Designator=C? New Designator=C279
Change Component Designator: Old Designator=C? New Designator=C280
Change Component Designator: Old Designator=C? New Designator=C281
Change Component Designator: Old Designator=C? New Designator=C282
Change Component Designator: Old Designator=C? New Designator=C283
Change Component Designator: Old Designator=C? New Designator=C284
Change Component Designator: Old Designator=C? New Designator=C285
Change Component Designator: Old Designator=C? New Designator=C286
Change Component Designator: Old Designator=C? New Designator=C287
Change Component Designator: Old Designator=C? New Designator=C288
Change Component Designator: Old Designator=C? New Designator=C289
Change Component Designator: Old Designator=C? New Designator=C290
Change Component Designator: Old Designator=C? New Designator=C291
Change Component Designator: Old Designator=C? New Designator=C292
Change Component Designator: Old Designator=C? New Designator=C293
Change Component Designator: Old Designator=C? New Designator=C294
Change Component Designator: Old Designator=C? New Designator=C295
Change Component Designator: Old Designator=C? New Designator=C296
Change Component Designator: Old Designator=C? New Designator=C297
Change Component Designator: Old Designator=C? New Designator=C298
Change Component Designator: Old Designator=C? New Designator=C299
Change Component Designator: Old Designator=C? New Designator=C300
Change Component Designator: Old Designator=C? New Designator=C301
Change Component Designator: Old Designator=C? New Designator=C302
Change Component Designator: Old Designator=C? New Designator=C303
Change Component Designator: Old Designator=C? New Designator=C304
Change Component Designator: Old Designator=C? New Designator=C305
Change Component Designator: Old Designator=C? New Designator=C306
Change Component Designator: Old Designator=C? New Designator=C307
Change Component Designator: Old Designator=L? New Designator=L32
Change Component Designator: Old Designator=L? New Designator=L33
Change Component Designator: Old Designator=L? New Designator=L34
Change Component Designator: Old Designator=L? New Designator=L35
Change Component Designator: Old Designator=L? New Designator=L36
Change Component Designator: Old Designator=L? New Designator=L37
Change Component Designator: Old Designator=L? New Designator=L38
Change Component Designator: Old Designator=L? New Designator=L39
Change Component Designator: Old Designator=R? New Designator=R122
Change Component Designator: Old Designator=R? New Designator=R123
Change Component Designator: Old Designator=R? New Designator=R124
Change Component Designator: Old Designator=R? New Designator=R125
Change Component Designator: Old Designator=R? New Designator=R126
Change Component Designator: Old Designator=R? New Designator=R127
Change Component Designator: Old Designator=R? New Designator=R128
Change Component Designator: Old Designator=R? New Designator=R129
Change Component Designator: Old Designator=U? New Designator=U22
Change Component Designator: Old Designator=U? New Designator=U23
Change Component Designator: Old Designator=Y? New Designator=Y3
Change Component Designator: Old Designator=Y? New Designator=Y4
