Change Component Designator: Old Designator=C67 New Designator=C110
Change Component Designator: Old Designator=C68 New Designator=C112
Change Component Designator: Old Designator=C69 New Designator=C114
Change Component Designator: Old Designator=C70 New Designator=C111
Change Component Designator: Old Designator=C71 New Designator=C113
Change Component Designator: Old Designator=C72 New Designator=C115
Change Component Designator: Old Designator=C73 New Designator=C118
Change Component Designator: Old Designator=C74 New Designator=C119
Change Component Designator: Old Designator=C75 New Designator=C116
Change Component Designator: Old Designator=C76 New Designator=C123
Change Component Designator: Old Designator=C77 New Designator=C117
Change Component Designator: Old Designator=C78 New Designator=C121
Change Component Designator: Old Designator=C79 New Designator=C127
Change Component Designator: Old Designator=C80 New Designator=C128
Change Component Designator: Old Designator=C81 New Designator=C120
Change Component Designator: Old Designator=C82 New Designator=C122
Change Component Designator: Old Designator=C83 New Designator=C131
Change Component Designator: Old Designator=C84 New Designator=C124
Change Component Designator: Old Designator=C85 New Designator=C125
Change Component Designator: Old Designator=C86 New Designator=C135
Change Component Designator: Old Designator=C87 New Designator=C137
Change Component Designator: Old Designator=C88 New Designator=C126
Change Component Designator: Old Designator=C89 New Designator=C129
Change Component Designator: Old Designator=C90 New Designator=C130
Change Component Designator: Old Designator=C91 New Designator=C134
Change Component Designator: Old Designator=C92 New Designator=C132
Change Component Designator: Old Designator=C93 New Designator=C133
Change Component Designator: Old Designator=C94 New Designator=C136
Change Component Designator: Old Designator=C95 New Designator=C138
Change Component Designator: Old Designator=C96 New Designator=C139
Change Component Designator: Old Designator=C97 New Designator=C140
Change Component Designator: Old Designator=J1 New Designator=J2
Change Component Designator: Old Designator=J2 New Designator=J3
Change Component Designator: Old Designator=L1 New Designator=L3
Change Component Designator: Old Designator=L2 New Designator=L4
Change Component Designator: Old Designator=L3 New Designator=L5
Change Component Designator: Old Designator=L4 New Designator=L6
Change Component Designator: Old Designator=L5 New Designator=L7
Change Component Designator: Old Designator=L6 New Designator=L8
Change Component Designator: Old Designator=L7 New Designator=L2
Change Component Designator: Old Designator=PTP3 New Designator=PTP25
Change Component Designator: Old Designator=PTP4 New Designator=PTP26
Change Component Designator: Old Designator=PTP5 New Designator=PTP29
Change Component Designator: Old Designator=PTP6 New Designator=PTP30
Change Component Designator: Old Designator=PTP7 New Designator=PTP31
Change Component Designator: Old Designator=PTP8 New Designator=PTP32
Change Component Designator: Old Designator=PTP9 New Designator=PTP34
Change Component Designator: Old Designator=PTP10 New Designator=PTP33
Change Component Designator: Old Designator=PTP11 New Designator=PTP35
Change Component Designator: Old Designator=PTP12 New Designator=PTP36
Change Component Designator: Old Designator=PTP13 New Designator=PTP37
Change Component Designator: Old Designator=PTP14 New Designator=PTP38
Change Component Designator: Old Designator=PTP15 New Designator=PTP39
Change Component Designator: Old Designator=PTP16 New Designator=PTP40
Change Component Designator: Old Designator=PTP17 New Designator=PTP41
Change Component Designator: Old Designator=PTP18 New Designator=PTP42
Change Component Designator: Old Designator=PTP19 New Designator=PTP43
Change Component Designator: Old Designator=PTP20 New Designator=PTP44
Change Component Designator: Old Designator=PTP21 New Designator=PTP45
Change Component Designator: Old Designator=PTP22 New Designator=PTP27
Change Component Designator: Old Designator=PTP23 New Designator=PTP28
Change Component Designator: Old Designator=QZ1 New Designator=QZ2
Change Component Designator: Old Designator=R3 New Designator=R41
Change Component Designator: Old Designator=R4 New Designator=R42
Change Component Designator: Old Designator=R5 New Designator=R43
Change Component Designator: Old Designator=R6 New Designator=R44
Change Component Designator: Old Designator=R7 New Designator=R45
Change Component Designator: Old Designator=R8 New Designator=R46
Change Component Designator: Old Designator=R9 New Designator=R47
Change Component Designator: Old Designator=U3 New Designator=U6
Change Component Designator: Old Designator=U3 New Designator=U6
Change Component Designator: Old Designator=U3 New Designator=U6
