Change Component Designator: Old Designator=C? New Designator=C257
Change Component Designator: Old Designator=C? New Designator=C258
Change Component Designator: Old Designator=C? New Designator=C259
Change Component Designator: Old Designator=C? New Designator=C260
Change Component Designator: Old Designator=C? New Designator=C261
Change Component Designator: Old Designator=L? New Designator=L30
Change Component Designator: Old Designator=L? New Designator=L31
Change Component Designator: Old Designator=PTP? New Designator=PTP90
Change Component Designator: Old Designator=PTP? New Designator=PTP91
Change Component Designator: Old Designator=PTP? New Designator=PTP92
Change Component Designator: Old Designator=PTP? New Designator=PTP93
Change Component Designator: Old Designator=PTP? New Designator=PTP94
Change Component Designator: Old Designator=PTP? New Designator=PTP95
Change Component Designator: Old Designator=PTP? New Designator=PTP96
Change Component Designator: Old Designator=Q? New Designator=Q2
Change Component Designator: Old Designator=Q? New Designator=Q2
Change Component Designator: Old Designator=R? New Designator=R113
Change Component Designator: Old Designator=R? New Designator=R114
Change Component Designator: Old Designator=R? New Designator=R115
Change Component Designator: Old Designator=R? New Designator=R116
Change Component Designator: Old Designator=R? New Designator=R117
Change Component Designator: Old Designator=R? New Designator=R118
Change Component Designator: Old Designator=R? New Designator=R119
Change Component Designator: Old Designator=R? New Designator=R120
Change Component Designator: Old Designator=R? New Designator=R121
Change Component Designator: Old Designator=U? New Designator=U19
Change Component Designator: Old Designator=U? New Designator=U20
Change Component Designator: Old Designator=U? New Designator=U21
