Added Component: Designator=U?(BGA548C50P29X29_1500X1500X148)
Add component (AddParameter): Name = "Alternative component"; Value = ""; VariantName = "[No Variations]"
Add component (AddParameter): Name = "ClassName"; Value = "BIG"; VariantName = "[No Variations]"
Add component (AddParameter): Name = "Component Type"; Value = "Processor"; VariantName = "[No Variations]"
Add component (AddParameter): Name = "ComponentLink1Description"; Value = "1_Datasheet"; VariantName = "[No Variations]"
Add component (AddParameter): Name = "ComponentLink1URL"; Value = "https://www.nxp.com/part/MIMX8ML8CVNKZAB#/"; VariantName = "[No Variations]"
Add component (AddParameter): Name = "ComponentLink2Description"; Value = "2_Product page"; VariantName = "[No Variations]"
Add component (AddParameter): Name = "ComponentLink2URL"; Value = ""; VariantName = "[No Variations]"
Add component (AddParameter): Name = "ComponentLink3Description"; Value = "3_X-information"; VariantName = "[No Variations]"
Add component (AddParameter): Name = "ComponentLink3URL"; Value = ""; VariantName = "[No Variations]"
Add component (AddParameter): Name = "ComponentLink4Description"; Value = "4_X-information"; VariantName = "[No Variations]"
Add component (AddParameter): Name = "ComponentLink4URL"; Value = ""; VariantName = "[No Variations]"
Add component (AddParameter): Name = "Creation date"; Value = "20240524"; VariantName = "[No Variations]"
Add component (AddParameter): Name = "Design Item ID"; Value = "MIMX8ML8CVNKZAB"; VariantName = "[No Variations]"
Add component (AddParameter): Name = "Dimensions WxLxH"; Value = "15 x 15 x 1.33mm"; VariantName = "[No Variations]"
Add component (AddParameter): Name = "ECCN"; Value = ""; VariantName = "[No Variations]"
Add component (AddParameter): Name = "HasBeenBuilt"; Value = ""; VariantName = "[No Variations]"
Add component (AddParameter): Name = "Manufacturer"; Value = "NXP SEMICONDUCTORS"; VariantName = "[No Variations]"
Add component (AddParameter): Name = "Manufacturer Part Number"; Value = "MIMX8ML8CVNKZAB"; VariantName = "[No Variations]"
Add component (AddParameter): Name = "Operating temperature range"; Value = "-40... +105 °C"; VariantName = "[No Variations]"
Add component (AddParameter): Name = "Package"; Value = "FCBGA548"; VariantName = "[No Variations]"
Add component (AddParameter): Name = "Part Number"; Value = "MIMX8ML8CVNKZAB"; VariantName = "[No Variations]"
Add component (AddParameter): Name = "Remark"; Value = ""; VariantName = "[No Variations]"
Add component (AddParameter): Name = "RoHS"; Value = ""; VariantName = "[No Variations]"
Add component (AddParameter): Name = "Sort order"; Value = "501"; VariantName = "[No Variations]"
Add component (AddParameter): Name = "Source"; Value = "UUDET_KOMPONENTIT.SchLib"; VariantName = "[No Variations]"
Add component (AddParameter): Name = "System"; Value = "IC"; VariantName = "[No Variations]"
Added Component: Designator=U?(BGA548C50P29X29_1500X1500X148)
Add component (AddParameter): Name = "Alternative component"; Value = ""; VariantName = "[No Variations]"
Add component (AddParameter): Name = "ClassName"; Value = "BIG"; VariantName = "[No Variations]"
Add component (AddParameter): Name = "Component Type"; Value = "Processor"; VariantName = "[No Variations]"
Add component (AddParameter): Name = "ComponentLink1Description"; Value = "1_Datasheet"; VariantName = "[No Variations]"
Add component (AddParameter): Name = "ComponentLink1URL"; Value = "https://www.nxp.com/part/MIMX8ML8CVNKZAB#/"; VariantName = "[No Variations]"
Add component (AddParameter): Name = "ComponentLink2Description"; Value = "2_Product page"; VariantName = "[No Variations]"
Add component (AddParameter): Name = "ComponentLink2URL"; Value = ""; VariantName = "[No Variations]"
Add component (AddParameter): Name = "ComponentLink3Description"; Value = "3_X-information"; VariantName = "[No Variations]"
Add component (AddParameter): Name = "ComponentLink3URL"; Value = ""; VariantName = "[No Variations]"
Add component (AddParameter): Name = "ComponentLink4Description"; Value = "4_X-information"; VariantName = "[No Variations]"
Add component (AddParameter): Name = "ComponentLink4URL"; Value = ""; VariantName = "[No Variations]"
Add component (AddParameter): Name = "Creation date"; Value = "20240524"; VariantName = "[No Variations]"
Add component (AddParameter): Name = "Design Item ID"; Value = "MIMX8ML8CVNKZAB"; VariantName = "[No Variations]"
Add component (AddParameter): Name = "Dimensions WxLxH"; Value = "15 x 15 x 1.33mm"; VariantName = "[No Variations]"
Add component (AddParameter): Name = "ECCN"; Value = ""; VariantName = "[No Variations]"
Add component (AddParameter): Name = "HasBeenBuilt"; Value = ""; VariantName = "[No Variations]"
Add component (AddParameter): Name = "Manufacturer"; Value = "NXP SEMICONDUCTORS"; VariantName = "[No Variations]"
Add component (AddParameter): Name = "Manufacturer Part Number"; Value = "MIMX8ML8CVNKZAB"; VariantName = "[No Variations]"
Add component (AddParameter): Name = "Operating temperature range"; Value = "-40... +105 °C"; VariantName = "[No Variations]"
Add component (AddParameter): Name = "Package"; Value = "FCBGA548"; VariantName = "[No Variations]"
Add component (AddParameter): Name = "Part Number"; Value = "MIMX8ML8CVNKZAB"; VariantName = "[No Variations]"
Add component (AddParameter): Name = "Remark"; Value = ""; VariantName = "[No Variations]"
Add component (AddParameter): Name = "RoHS"; Value = ""; VariantName = "[No Variations]"
Add component (AddParameter): Name = "Sort order"; Value = "501"; VariantName = "[No Variations]"
Add component (AddParameter): Name = "Source"; Value = "UUDET_KOMPONENTIT.SchLib"; VariantName = "[No Variations]"
Add component (AddParameter): Name = "System"; Value = "IC"; VariantName = "[No Variations]"
Added Component: Designator=U?(BGA548C50P29X29_1500X1500X148)
Add component (AddParameter): Name = "Alternative component"; Value = ""; VariantName = "[No Variations]"
Add component (AddParameter): Name = "ClassName"; Value = "BIG"; VariantName = "[No Variations]"
Add component (AddParameter): Name = "Component Type"; Value = "Processor"; VariantName = "[No Variations]"
Add component (AddParameter): Name = "ComponentLink1Description"; Value = "1_Datasheet"; VariantName = "[No Variations]"
Add component (AddParameter): Name = "ComponentLink1URL"; Value = "https://www.nxp.com/part/MIMX8ML8CVNKZAB#/"; VariantName = "[No Variations]"
Add component (AddParameter): Name = "ComponentLink2Description"; Value = "2_Product page"; VariantName = "[No Variations]"
Add component (AddParameter): Name = "ComponentLink2URL"; Value = ""; VariantName = "[No Variations]"
Add component (AddParameter): Name = "ComponentLink3Description"; Value = "3_X-information"; VariantName = "[No Variations]"
Add component (AddParameter): Name = "ComponentLink3URL"; Value = ""; VariantName = "[No Variations]"
Add component (AddParameter): Name = "ComponentLink4Description"; Value = "4_X-information"; VariantName = "[No Variations]"
Add component (AddParameter): Name = "ComponentLink4URL"; Value = ""; VariantName = "[No Variations]"
Add component (AddParameter): Name = "Creation date"; Value = "20240524"; VariantName = "[No Variations]"
Add component (AddParameter): Name = "Design Item ID"; Value = "MIMX8ML8CVNKZAB"; VariantName = "[No Variations]"
Add component (AddParameter): Name = "Dimensions WxLxH"; Value = "15 x 15 x 1.33mm"; VariantName = "[No Variations]"
Add component (AddParameter): Name = "ECCN"; Value = ""; VariantName = "[No Variations]"
Add component (AddParameter): Name = "HasBeenBuilt"; Value = ""; VariantName = "[No Variations]"
Add component (AddParameter): Name = "Manufacturer"; Value = "NXP SEMICONDUCTORS"; VariantName = "[No Variations]"
Add component (AddParameter): Name = "Manufacturer Part Number"; Value = "MIMX8ML8CVNKZAB"; VariantName = "[No Variations]"
Add component (AddParameter): Name = "Operating temperature range"; Value = "-40... +105 °C"; VariantName = "[No Variations]"
Add component (AddParameter): Name = "Package"; Value = "FCBGA548"; VariantName = "[No Variations]"
Add component (AddParameter): Name = "Part Number"; Value = "MIMX8ML8CVNKZAB"; VariantName = "[No Variations]"
Add component (AddParameter): Name = "Remark"; Value = ""; VariantName = "[No Variations]"
Add component (AddParameter): Name = "RoHS"; Value = ""; VariantName = "[No Variations]"
Add component (AddParameter): Name = "Sort order"; Value = "501"; VariantName = "[No Variations]"
Add component (AddParameter): Name = "Source"; Value = "UUDET_KOMPONENTIT.SchLib"; VariantName = "[No Variations]"
Add component (AddParameter): Name = "System"; Value = "IC"; VariantName = "[No Variations]"
Added Component: Designator=U?(BGA548C50P29X29_1500X1500X148)
Add component (AddParameter): Name = "Alternative component"; Value = ""; VariantName = "[No Variations]"
Add component (AddParameter): Name = "ClassName"; Value = "BIG"; VariantName = "[No Variations]"
Add component (AddParameter): Name = "Component Type"; Value = "Processor"; VariantName = "[No Variations]"
Add component (AddParameter): Name = "ComponentLink1Description"; Value = "1_Datasheet"; VariantName = "[No Variations]"
Add component (AddParameter): Name = "ComponentLink1URL"; Value = "https://www.nxp.com/part/MIMX8ML8CVNKZAB#/"; VariantName = "[No Variations]"
Add component (AddParameter): Name = "ComponentLink2Description"; Value = "2_Product page"; VariantName = "[No Variations]"
Add component (AddParameter): Name = "ComponentLink2URL"; Value = ""; VariantName = "[No Variations]"
Add component (AddParameter): Name = "ComponentLink3Description"; Value = "3_X-information"; VariantName = "[No Variations]"
Add component (AddParameter): Name = "ComponentLink3URL"; Value = ""; VariantName = "[No Variations]"
Add component (AddParameter): Name = "ComponentLink4Description"; Value = "4_X-information"; VariantName = "[No Variations]"
Add component (AddParameter): Name = "ComponentLink4URL"; Value = ""; VariantName = "[No Variations]"
Add component (AddParameter): Name = "Creation date"; Value = "20240524"; VariantName = "[No Variations]"
Add component (AddParameter): Name = "Design Item ID"; Value = "MIMX8ML8CVNKZAB"; VariantName = "[No Variations]"
Add component (AddParameter): Name = "Dimensions WxLxH"; Value = "15 x 15 x 1.33mm"; VariantName = "[No Variations]"
Add component (AddParameter): Name = "ECCN"; Value = ""; VariantName = "[No Variations]"
Add component (AddParameter): Name = "HasBeenBuilt"; Value = ""; VariantName = "[No Variations]"
Add component (AddParameter): Name = "Manufacturer"; Value = "NXP SEMICONDUCTORS"; VariantName = "[No Variations]"
Add component (AddParameter): Name = "Manufacturer Part Number"; Value = "MIMX8ML8CVNKZAB"; VariantName = "[No Variations]"
Add component (AddParameter): Name = "Operating temperature range"; Value = "-40... +105 °C"; VariantName = "[No Variations]"
Add component (AddParameter): Name = "Package"; Value = "FCBGA548"; VariantName = "[No Variations]"
Add component (AddParameter): Name = "Part Number"; Value = "MIMX8ML8CVNKZAB"; VariantName = "[No Variations]"
Add component (AddParameter): Name = "Remark"; Value = ""; VariantName = "[No Variations]"
Add component (AddParameter): Name = "RoHS"; Value = ""; VariantName = "[No Variations]"
Add component (AddParameter): Name = "Sort order"; Value = "501"; VariantName = "[No Variations]"
Add component (AddParameter): Name = "Source"; Value = "UUDET_KOMPONENTIT.SchLib"; VariantName = "[No Variations]"
Add component (AddParameter): Name = "System"; Value = "IC"; VariantName = "[No Variations]"
Added Component: Designator=U?(BGA548C50P29X29_1500X1500X148)
Add component (AddParameter): Name = "Alternative component"; Value = ""; VariantName = "[No Variations]"
Add component (AddParameter): Name = "ClassName"; Value = "BIG"; VariantName = "[No Variations]"
Add component (AddParameter): Name = "Component Type"; Value = "Processor"; VariantName = "[No Variations]"
Add component (AddParameter): Name = "ComponentLink1Description"; Value = "1_Datasheet"; VariantName = "[No Variations]"
Add component (AddParameter): Name = "ComponentLink1URL"; Value = "https://www.nxp.com/part/MIMX8ML8CVNKZAB#/"; VariantName = "[No Variations]"
Add component (AddParameter): Name = "ComponentLink2Description"; Value = "2_Product page"; VariantName = "[No Variations]"
Add component (AddParameter): Name = "ComponentLink2URL"; Value = ""; VariantName = "[No Variations]"
Add component (AddParameter): Name = "ComponentLink3Description"; Value = "3_X-information"; VariantName = "[No Variations]"
Add component (AddParameter): Name = "ComponentLink3URL"; Value = ""; VariantName = "[No Variations]"
Add component (AddParameter): Name = "ComponentLink4Description"; Value = "4_X-information"; VariantName = "[No Variations]"
Add component (AddParameter): Name = "ComponentLink4URL"; Value = ""; VariantName = "[No Variations]"
Add component (AddParameter): Name = "Creation date"; Value = "20240524"; VariantName = "[No Variations]"
Add component (AddParameter): Name = "Design Item ID"; Value = "MIMX8ML8CVNKZAB"; VariantName = "[No Variations]"
Add component (AddParameter): Name = "Dimensions WxLxH"; Value = "15 x 15 x 1.33mm"; VariantName = "[No Variations]"
Add component (AddParameter): Name = "ECCN"; Value = ""; VariantName = "[No Variations]"
Add component (AddParameter): Name = "HasBeenBuilt"; Value = ""; VariantName = "[No Variations]"
Add component (AddParameter): Name = "Manufacturer"; Value = "NXP SEMICONDUCTORS"; VariantName = "[No Variations]"
Add component (AddParameter): Name = "Manufacturer Part Number"; Value = "MIMX8ML8CVNKZAB"; VariantName = "[No Variations]"
Add component (AddParameter): Name = "Operating temperature range"; Value = "-40... +105 °C"; VariantName = "[No Variations]"
Add component (AddParameter): Name = "Package"; Value = "FCBGA548"; VariantName = "[No Variations]"
Add component (AddParameter): Name = "Part Number"; Value = "MIMX8ML8CVNKZAB"; VariantName = "[No Variations]"
Add component (AddParameter): Name = "Remark"; Value = ""; VariantName = "[No Variations]"
Add component (AddParameter): Name = "RoHS"; Value = ""; VariantName = "[No Variations]"
Add component (AddParameter): Name = "Sort order"; Value = "501"; VariantName = "[No Variations]"
Add component (AddParameter): Name = "Source"; Value = "UUDET_KOMPONENTIT.SchLib"; VariantName = "[No Variations]"
Add component (AddParameter): Name = "System"; Value = "IC"; VariantName = "[No Variations]"
Added Component: Designator=U?(BGA548C50P29X29_1500X1500X148)
Add component (AddParameter): Name = "Alternative component"; Value = ""; VariantName = "[No Variations]"
Add component (AddParameter): Name = "ClassName"; Value = "BIG"; VariantName = "[No Variations]"
Add component (AddParameter): Name = "Component Type"; Value = "Processor"; VariantName = "[No Variations]"
Add component (AddParameter): Name = "ComponentLink1Description"; Value = "1_Datasheet"; VariantName = "[No Variations]"
Add component (AddParameter): Name = "ComponentLink1URL"; Value = "https://www.nxp.com/part/MIMX8ML8CVNKZAB#/"; VariantName = "[No Variations]"
Add component (AddParameter): Name = "ComponentLink2Description"; Value = "2_Product page"; VariantName = "[No Variations]"
Add component (AddParameter): Name = "ComponentLink2URL"; Value = ""; VariantName = "[No Variations]"
Add component (AddParameter): Name = "ComponentLink3Description"; Value = "3_X-information"; VariantName = "[No Variations]"
Add component (AddParameter): Name = "ComponentLink3URL"; Value = ""; VariantName = "[No Variations]"
Add component (AddParameter): Name = "ComponentLink4Description"; Value = "4_X-information"; VariantName = "[No Variations]"
Add component (AddParameter): Name = "ComponentLink4URL"; Value = ""; VariantName = "[No Variations]"
Add component (AddParameter): Name = "Creation date"; Value = "20240524"; VariantName = "[No Variations]"
Add component (AddParameter): Name = "Design Item ID"; Value = "MIMX8ML8CVNKZAB"; VariantName = "[No Variations]"
Add component (AddParameter): Name = "Dimensions WxLxH"; Value = "15 x 15 x 1.33mm"; VariantName = "[No Variations]"
Add component (AddParameter): Name = "ECCN"; Value = ""; VariantName = "[No Variations]"
Add component (AddParameter): Name = "HasBeenBuilt"; Value = ""; VariantName = "[No Variations]"
Add component (AddParameter): Name = "Manufacturer"; Value = "NXP SEMICONDUCTORS"; VariantName = "[No Variations]"
Add component (AddParameter): Name = "Manufacturer Part Number"; Value = "MIMX8ML8CVNKZAB"; VariantName = "[No Variations]"
Add component (AddParameter): Name = "Operating temperature range"; Value = "-40... +105 °C"; VariantName = "[No Variations]"
Add component (AddParameter): Name = "Package"; Value = "FCBGA548"; VariantName = "[No Variations]"
Add component (AddParameter): Name = "Part Number"; Value = "MIMX8ML8CVNKZAB"; VariantName = "[No Variations]"
Add component (AddParameter): Name = "Remark"; Value = ""; VariantName = "[No Variations]"
Add component (AddParameter): Name = "RoHS"; Value = ""; VariantName = "[No Variations]"
Add component (AddParameter): Name = "Sort order"; Value = "501"; VariantName = "[No Variations]"
Add component (AddParameter): Name = "Source"; Value = "UUDET_KOMPONENTIT.SchLib"; VariantName = "[No Variations]"
Add component (AddParameter): Name = "System"; Value = "IC"; VariantName = "[No Variations]"
Added Component: Designator=U?(BGA548C50P29X29_1500X1500X148)
Add component (AddParameter): Name = "Alternative component"; Value = ""; VariantName = "[No Variations]"
Add component (AddParameter): Name = "ClassName"; Value = "BIG"; VariantName = "[No Variations]"
Add component (AddParameter): Name = "Component Type"; Value = "Processor"; VariantName = "[No Variations]"
Add component (AddParameter): Name = "ComponentLink1Description"; Value = "1_Datasheet"; VariantName = "[No Variations]"
Add component (AddParameter): Name = "ComponentLink1URL"; Value = "https://www.nxp.com/part/MIMX8ML8CVNKZAB#/"; VariantName = "[No Variations]"
Add component (AddParameter): Name = "ComponentLink2Description"; Value = "2_Product page"; VariantName = "[No Variations]"
Add component (AddParameter): Name = "ComponentLink2URL"; Value = ""; VariantName = "[No Variations]"
Add component (AddParameter): Name = "ComponentLink3Description"; Value = "3_X-information"; VariantName = "[No Variations]"
Add component (AddParameter): Name = "ComponentLink3URL"; Value = ""; VariantName = "[No Variations]"
Add component (AddParameter): Name = "ComponentLink4Description"; Value = "4_X-information"; VariantName = "[No Variations]"
Add component (AddParameter): Name = "ComponentLink4URL"; Value = ""; VariantName = "[No Variations]"
Add component (AddParameter): Name = "Creation date"; Value = "20240524"; VariantName = "[No Variations]"
Add component (AddParameter): Name = "Design Item ID"; Value = "MIMX8ML8CVNKZAB"; VariantName = "[No Variations]"
Add component (AddParameter): Name = "Dimensions WxLxH"; Value = "15 x 15 x 1.33mm"; VariantName = "[No Variations]"
Add component (AddParameter): Name = "ECCN"; Value = ""; VariantName = "[No Variations]"
Add component (AddParameter): Name = "HasBeenBuilt"; Value = ""; VariantName = "[No Variations]"
Add component (AddParameter): Name = "Manufacturer"; Value = "NXP SEMICONDUCTORS"; VariantName = "[No Variations]"
Add component (AddParameter): Name = "Manufacturer Part Number"; Value = "MIMX8ML8CVNKZAB"; VariantName = "[No Variations]"
Add component (AddParameter): Name = "Operating temperature range"; Value = "-40... +105 °C"; VariantName = "[No Variations]"
Add component (AddParameter): Name = "Package"; Value = "FCBGA548"; VariantName = "[No Variations]"
Add component (AddParameter): Name = "Part Number"; Value = "MIMX8ML8CVNKZAB"; VariantName = "[No Variations]"
Add component (AddParameter): Name = "Remark"; Value = ""; VariantName = "[No Variations]"
Add component (AddParameter): Name = "RoHS"; Value = ""; VariantName = "[No Variations]"
Add component (AddParameter): Name = "Sort order"; Value = "501"; VariantName = "[No Variations]"
Add component (AddParameter): Name = "Source"; Value = "UUDET_KOMPONENTIT.SchLib"; VariantName = "[No Variations]"
Add component (AddParameter): Name = "System"; Value = "IC"; VariantName = "[No Variations]"
Added Component: Designator=U?(BGA548C50P29X29_1500X1500X148)
Add component (AddParameter): Name = "Alternative component"; Value = ""; VariantName = "[No Variations]"
Add component (AddParameter): Name = "ClassName"; Value = "BIG"; VariantName = "[No Variations]"
Add component (AddParameter): Name = "Component Type"; Value = "Processor"; VariantName = "[No Variations]"
Add component (AddParameter): Name = "ComponentLink1Description"; Value = "1_Datasheet"; VariantName = "[No Variations]"
Add component (AddParameter): Name = "ComponentLink1URL"; Value = "https://www.nxp.com/part/MIMX8ML8CVNKZAB#/"; VariantName = "[No Variations]"
Add component (AddParameter): Name = "ComponentLink2Description"; Value = "2_Product page"; VariantName = "[No Variations]"
Add component (AddParameter): Name = "ComponentLink2URL"; Value = ""; VariantName = "[No Variations]"
Add component (AddParameter): Name = "ComponentLink3Description"; Value = "3_X-information"; VariantName = "[No Variations]"
Add component (AddParameter): Name = "ComponentLink3URL"; Value = ""; VariantName = "[No Variations]"
Add component (AddParameter): Name = "ComponentLink4Description"; Value = "4_X-information"; VariantName = "[No Variations]"
Add component (AddParameter): Name = "ComponentLink4URL"; Value = ""; VariantName = "[No Variations]"
Add component (AddParameter): Name = "Creation date"; Value = "20240524"; VariantName = "[No Variations]"
Add component (AddParameter): Name = "Design Item ID"; Value = "MIMX8ML8CVNKZAB"; VariantName = "[No Variations]"
Add component (AddParameter): Name = "Dimensions WxLxH"; Value = "15 x 15 x 1.33mm"; VariantName = "[No Variations]"
Add component (AddParameter): Name = "ECCN"; Value = ""; VariantName = "[No Variations]"
Add component (AddParameter): Name = "HasBeenBuilt"; Value = ""; VariantName = "[No Variations]"
Add component (AddParameter): Name = "Manufacturer"; Value = "NXP SEMICONDUCTORS"; VariantName = "[No Variations]"
Add component (AddParameter): Name = "Manufacturer Part Number"; Value = "MIMX8ML8CVNKZAB"; VariantName = "[No Variations]"
Add component (AddParameter): Name = "Operating temperature range"; Value = "-40... +105 °C"; VariantName = "[No Variations]"
Add component (AddParameter): Name = "Package"; Value = "FCBGA548"; VariantName = "[No Variations]"
Add component (AddParameter): Name = "Part Number"; Value = "MIMX8ML8CVNKZAB"; VariantName = "[No Variations]"
Add component (AddParameter): Name = "Remark"; Value = ""; VariantName = "[No Variations]"
Add component (AddParameter): Name = "RoHS"; Value = ""; VariantName = "[No Variations]"
Add component (AddParameter): Name = "Sort order"; Value = "501"; VariantName = "[No Variations]"
Add component (AddParameter): Name = "Source"; Value = "UUDET_KOMPONENTIT.SchLib"; VariantName = "[No Variations]"
Add component (AddParameter): Name = "System"; Value = "IC"; VariantName = "[No Variations]"
Added Component: Designator=U?(BGA548C50P29X29_1500X1500X148)
Add component (AddParameter): Name = "Alternative component"; Value = ""; VariantName = "[No Variations]"
Add component (AddParameter): Name = "ClassName"; Value = "BIG"; VariantName = "[No Variations]"
Add component (AddParameter): Name = "Component Type"; Value = "Processor"; VariantName = "[No Variations]"
Add component (AddParameter): Name = "ComponentLink1Description"; Value = "1_Datasheet"; VariantName = "[No Variations]"
Add component (AddParameter): Name = "ComponentLink1URL"; Value = "https://www.nxp.com/part/MIMX8ML8CVNKZAB#/"; VariantName = "[No Variations]"
Add component (AddParameter): Name = "ComponentLink2Description"; Value = "2_Product page"; VariantName = "[No Variations]"
Add component (AddParameter): Name = "ComponentLink2URL"; Value = ""; VariantName = "[No Variations]"
Add component (AddParameter): Name = "ComponentLink3Description"; Value = "3_X-information"; VariantName = "[No Variations]"
Add component (AddParameter): Name = "ComponentLink3URL"; Value = ""; VariantName = "[No Variations]"
Add component (AddParameter): Name = "ComponentLink4Description"; Value = "4_X-information"; VariantName = "[No Variations]"
Add component (AddParameter): Name = "ComponentLink4URL"; Value = ""; VariantName = "[No Variations]"
Add component (AddParameter): Name = "Creation date"; Value = "20240524"; VariantName = "[No Variations]"
Add component (AddParameter): Name = "Design Item ID"; Value = "MIMX8ML8CVNKZAB"; VariantName = "[No Variations]"
Add component (AddParameter): Name = "Dimensions WxLxH"; Value = "15 x 15 x 1.33mm"; VariantName = "[No Variations]"
Add component (AddParameter): Name = "ECCN"; Value = ""; VariantName = "[No Variations]"
Add component (AddParameter): Name = "HasBeenBuilt"; Value = ""; VariantName = "[No Variations]"
Add component (AddParameter): Name = "Manufacturer"; Value = "NXP SEMICONDUCTORS"; VariantName = "[No Variations]"
Add component (AddParameter): Name = "Manufacturer Part Number"; Value = "MIMX8ML8CVNKZAB"; VariantName = "[No Variations]"
Add component (AddParameter): Name = "Operating temperature range"; Value = "-40... +105 °C"; VariantName = "[No Variations]"
Add component (AddParameter): Name = "Package"; Value = "FCBGA548"; VariantName = "[No Variations]"
Add component (AddParameter): Name = "Part Number"; Value = "MIMX8ML8CVNKZAB"; VariantName = "[No Variations]"
Add component (AddParameter): Name = "Remark"; Value = ""; VariantName = "[No Variations]"
Add component (AddParameter): Name = "RoHS"; Value = ""; VariantName = "[No Variations]"
Add component (AddParameter): Name = "Sort order"; Value = "501"; VariantName = "[No Variations]"
Add component (AddParameter): Name = "Source"; Value = "UUDET_KOMPONENTIT.SchLib"; VariantName = "[No Variations]"
Add component (AddParameter): Name = "System"; Value = "IC"; VariantName = "[No Variations]"
Added Component: Designator=U?(BGA548C50P29X29_1500X1500X148)
Add component (AddParameter): Name = "Alternative component"; Value = ""; VariantName = "[No Variations]"
Add component (AddParameter): Name = "ClassName"; Value = "BIG"; VariantName = "[No Variations]"
Add component (AddParameter): Name = "Component Type"; Value = "Processor"; VariantName = "[No Variations]"
Add component (AddParameter): Name = "ComponentLink1Description"; Value = "1_Datasheet"; VariantName = "[No Variations]"
Add component (AddParameter): Name = "ComponentLink1URL"; Value = "https://www.nxp.com/part/MIMX8ML8CVNKZAB#/"; VariantName = "[No Variations]"
Add component (AddParameter): Name = "ComponentLink2Description"; Value = "2_Product page"; VariantName = "[No Variations]"
Add component (AddParameter): Name = "ComponentLink2URL"; Value = ""; VariantName = "[No Variations]"
Add component (AddParameter): Name = "ComponentLink3Description"; Value = "3_X-information"; VariantName = "[No Variations]"
Add component (AddParameter): Name = "ComponentLink3URL"; Value = ""; VariantName = "[No Variations]"
Add component (AddParameter): Name = "ComponentLink4Description"; Value = "4_X-information"; VariantName = "[No Variations]"
Add component (AddParameter): Name = "ComponentLink4URL"; Value = ""; VariantName = "[No Variations]"
Add component (AddParameter): Name = "Creation date"; Value = "20240524"; VariantName = "[No Variations]"
Add component (AddParameter): Name = "Design Item ID"; Value = "MIMX8ML8CVNKZAB"; VariantName = "[No Variations]"
Add component (AddParameter): Name = "Dimensions WxLxH"; Value = "15 x 15 x 1.33mm"; VariantName = "[No Variations]"
Add component (AddParameter): Name = "ECCN"; Value = ""; VariantName = "[No Variations]"
Add component (AddParameter): Name = "HasBeenBuilt"; Value = ""; VariantName = "[No Variations]"
Add component (AddParameter): Name = "Manufacturer"; Value = "NXP SEMICONDUCTORS"; VariantName = "[No Variations]"
Add component (AddParameter): Name = "Manufacturer Part Number"; Value = "MIMX8ML8CVNKZAB"; VariantName = "[No Variations]"
Add component (AddParameter): Name = "Operating temperature range"; Value = "-40... +105 °C"; VariantName = "[No Variations]"
Add component (AddParameter): Name = "Package"; Value = "FCBGA548"; VariantName = "[No Variations]"
Add component (AddParameter): Name = "Part Number"; Value = "MIMX8ML8CVNKZAB"; VariantName = "[No Variations]"
Add component (AddParameter): Name = "Remark"; Value = ""; VariantName = "[No Variations]"
Add component (AddParameter): Name = "RoHS"; Value = ""; VariantName = "[No Variations]"
Add component (AddParameter): Name = "Sort order"; Value = "501"; VariantName = "[No Variations]"
Add component (AddParameter): Name = "Source"; Value = "UUDET_KOMPONENTIT.SchLib"; VariantName = "[No Variations]"
Add component (AddParameter): Name = "System"; Value = "IC"; VariantName = "[No Variations]"
Added Component: Designator=U?(BGA548C50P29X29_1500X1500X148)
Add component (AddParameter): Name = "Alternative component"; Value = ""; VariantName = "[No Variations]"
Add component (AddParameter): Name = "ClassName"; Value = "BIG"; VariantName = "[No Variations]"
Add component (AddParameter): Name = "Component Type"; Value = "Processor"; VariantName = "[No Variations]"
Add component (AddParameter): Name = "ComponentLink1Description"; Value = "1_Datasheet"; VariantName = "[No Variations]"
Add component (AddParameter): Name = "ComponentLink1URL"; Value = "https://www.nxp.com/part/MIMX8ML8CVNKZAB#/"; VariantName = "[No Variations]"
Add component (AddParameter): Name = "ComponentLink2Description"; Value = "2_Product page"; VariantName = "[No Variations]"
Add component (AddParameter): Name = "ComponentLink2URL"; Value = ""; VariantName = "[No Variations]"
Add component (AddParameter): Name = "ComponentLink3Description"; Value = "3_X-information"; VariantName = "[No Variations]"
Add component (AddParameter): Name = "ComponentLink3URL"; Value = ""; VariantName = "[No Variations]"
Add component (AddParameter): Name = "ComponentLink4Description"; Value = "4_X-information"; VariantName = "[No Variations]"
Add component (AddParameter): Name = "ComponentLink4URL"; Value = ""; VariantName = "[No Variations]"
Add component (AddParameter): Name = "Creation date"; Value = "20240524"; VariantName = "[No Variations]"
Add component (AddParameter): Name = "Design Item ID"; Value = "MIMX8ML8CVNKZAB"; VariantName = "[No Variations]"
Add component (AddParameter): Name = "Dimensions WxLxH"; Value = "15 x 15 x 1.33mm"; VariantName = "[No Variations]"
Add component (AddParameter): Name = "ECCN"; Value = ""; VariantName = "[No Variations]"
Add component (AddParameter): Name = "HasBeenBuilt"; Value = ""; VariantName = "[No Variations]"
Add component (AddParameter): Name = "Manufacturer"; Value = "NXP SEMICONDUCTORS"; VariantName = "[No Variations]"
Add component (AddParameter): Name = "Manufacturer Part Number"; Value = "MIMX8ML8CVNKZAB"; VariantName = "[No Variations]"
Add component (AddParameter): Name = "Operating temperature range"; Value = "-40... +105 °C"; VariantName = "[No Variations]"
Add component (AddParameter): Name = "Package"; Value = "FCBGA548"; VariantName = "[No Variations]"
Add component (AddParameter): Name = "Part Number"; Value = "MIMX8ML8CVNKZAB"; VariantName = "[No Variations]"
Add component (AddParameter): Name = "Remark"; Value = ""; VariantName = "[No Variations]"
Add component (AddParameter): Name = "RoHS"; Value = ""; VariantName = "[No Variations]"
Add component (AddParameter): Name = "Sort order"; Value = "501"; VariantName = "[No Variations]"
Add component (AddParameter): Name = "Source"; Value = "UUDET_KOMPONENTIT.SchLib"; VariantName = "[No Variations]"
Add component (AddParameter): Name = "System"; Value = "IC"; VariantName = "[No Variations]"
Added Component: Designator=U?(BGA548C50P29X29_1500X1500X148)
Add component (AddParameter): Name = "Alternative component"; Value = ""; VariantName = "[No Variations]"
Add component (AddParameter): Name = "ClassName"; Value = "BIG"; VariantName = "[No Variations]"
Add component (AddParameter): Name = "Component Type"; Value = "Processor"; VariantName = "[No Variations]"
Add component (AddParameter): Name = "ComponentLink1Description"; Value = "1_Datasheet"; VariantName = "[No Variations]"
Add component (AddParameter): Name = "ComponentLink1URL"; Value = "https://www.nxp.com/part/MIMX8ML8CVNKZAB#/"; VariantName = "[No Variations]"
Add component (AddParameter): Name = "ComponentLink2Description"; Value = "2_Product page"; VariantName = "[No Variations]"
Add component (AddParameter): Name = "ComponentLink2URL"; Value = ""; VariantName = "[No Variations]"
Add component (AddParameter): Name = "ComponentLink3Description"; Value = "3_X-information"; VariantName = "[No Variations]"
Add component (AddParameter): Name = "ComponentLink3URL"; Value = ""; VariantName = "[No Variations]"
Add component (AddParameter): Name = "ComponentLink4Description"; Value = "4_X-information"; VariantName = "[No Variations]"
Add component (AddParameter): Name = "ComponentLink4URL"; Value = ""; VariantName = "[No Variations]"
Add component (AddParameter): Name = "Creation date"; Value = "20240524"; VariantName = "[No Variations]"
Add component (AddParameter): Name = "Design Item ID"; Value = "MIMX8ML8CVNKZAB"; VariantName = "[No Variations]"
Add component (AddParameter): Name = "Dimensions WxLxH"; Value = "15 x 15 x 1.33mm"; VariantName = "[No Variations]"
Add component (AddParameter): Name = "ECCN"; Value = ""; VariantName = "[No Variations]"
Add component (AddParameter): Name = "HasBeenBuilt"; Value = ""; VariantName = "[No Variations]"
Add component (AddParameter): Name = "Manufacturer"; Value = "NXP SEMICONDUCTORS"; VariantName = "[No Variations]"
Add component (AddParameter): Name = "Manufacturer Part Number"; Value = "MIMX8ML8CVNKZAB"; VariantName = "[No Variations]"
Add component (AddParameter): Name = "Operating temperature range"; Value = "-40... +105 °C"; VariantName = "[No Variations]"
Add component (AddParameter): Name = "Package"; Value = "FCBGA548"; VariantName = "[No Variations]"
Add component (AddParameter): Name = "Part Number"; Value = "MIMX8ML8CVNKZAB"; VariantName = "[No Variations]"
Add component (AddParameter): Name = "Remark"; Value = ""; VariantName = "[No Variations]"
Add component (AddParameter): Name = "RoHS"; Value = ""; VariantName = "[No Variations]"
Add component (AddParameter): Name = "Sort order"; Value = "501"; VariantName = "[No Variations]"
Add component (AddParameter): Name = "Source"; Value = "UUDET_KOMPONENTIT.SchLib"; VariantName = "[No Variations]"
Add component (AddParameter): Name = "System"; Value = "IC"; VariantName = "[No Variations]"
Added Component: Designator=U?(BGA548C50P29X29_1500X1500X148)
Add component (AddParameter): Name = "Alternative component"; Value = ""; VariantName = "[No Variations]"
Add component (AddParameter): Name = "ClassName"; Value = "BIG"; VariantName = "[No Variations]"
Add component (AddParameter): Name = "Component Type"; Value = "Processor"; VariantName = "[No Variations]"
Add component (AddParameter): Name = "ComponentLink1Description"; Value = "1_Datasheet"; VariantName = "[No Variations]"
Add component (AddParameter): Name = "ComponentLink1URL"; Value = "https://www.nxp.com/part/MIMX8ML8CVNKZAB#/"; VariantName = "[No Variations]"
Add component (AddParameter): Name = "ComponentLink2Description"; Value = "2_Product page"; VariantName = "[No Variations]"
Add component (AddParameter): Name = "ComponentLink2URL"; Value = ""; VariantName = "[No Variations]"
Add component (AddParameter): Name = "ComponentLink3Description"; Value = "3_X-information"; VariantName = "[No Variations]"
Add component (AddParameter): Name = "ComponentLink3URL"; Value = ""; VariantName = "[No Variations]"
Add component (AddParameter): Name = "ComponentLink4Description"; Value = "4_X-information"; VariantName = "[No Variations]"
Add component (AddParameter): Name = "ComponentLink4URL"; Value = ""; VariantName = "[No Variations]"
Add component (AddParameter): Name = "Creation date"; Value = "20240524"; VariantName = "[No Variations]"
Add component (AddParameter): Name = "Design Item ID"; Value = "MIMX8ML8CVNKZAB"; VariantName = "[No Variations]"
Add component (AddParameter): Name = "Dimensions WxLxH"; Value = "15 x 15 x 1.33mm"; VariantName = "[No Variations]"
Add component (AddParameter): Name = "ECCN"; Value = ""; VariantName = "[No Variations]"
Add component (AddParameter): Name = "HasBeenBuilt"; Value = ""; VariantName = "[No Variations]"
Add component (AddParameter): Name = "Manufacturer"; Value = "NXP SEMICONDUCTORS"; VariantName = "[No Variations]"
Add component (AddParameter): Name = "Manufacturer Part Number"; Value = "MIMX8ML8CVNKZAB"; VariantName = "[No Variations]"
Add component (AddParameter): Name = "Operating temperature range"; Value = "-40... +105 °C"; VariantName = "[No Variations]"
Add component (AddParameter): Name = "Package"; Value = "FCBGA548"; VariantName = "[No Variations]"
Add component (AddParameter): Name = "Part Number"; Value = "MIMX8ML8CVNKZAB"; VariantName = "[No Variations]"
Add component (AddParameter): Name = "Remark"; Value = ""; VariantName = "[No Variations]"
Add component (AddParameter): Name = "RoHS"; Value = ""; VariantName = "[No Variations]"
Add component (AddParameter): Name = "Sort order"; Value = "501"; VariantName = "[No Variations]"
Add component (AddParameter): Name = "Source"; Value = "UUDET_KOMPONENTIT.SchLib"; VariantName = "[No Variations]"
Add component (AddParameter): Name = "System"; Value = "IC"; VariantName = "[No Variations]"
Added Component: Designator=U?(BGA548C50P29X29_1500X1500X148)
Add component (AddParameter): Name = "Alternative component"; Value = ""; VariantName = "[No Variations]"
Add component (AddParameter): Name = "ClassName"; Value = "BIG"; VariantName = "[No Variations]"
Add component (AddParameter): Name = "Component Type"; Value = "Processor"; VariantName = "[No Variations]"
Add component (AddParameter): Name = "ComponentLink1Description"; Value = "1_Datasheet"; VariantName = "[No Variations]"
Add component (AddParameter): Name = "ComponentLink1URL"; Value = "https://www.nxp.com/part/MIMX8ML8CVNKZAB#/"; VariantName = "[No Variations]"
Add component (AddParameter): Name = "ComponentLink2Description"; Value = "2_Product page"; VariantName = "[No Variations]"
Add component (AddParameter): Name = "ComponentLink2URL"; Value = ""; VariantName = "[No Variations]"
Add component (AddParameter): Name = "ComponentLink3Description"; Value = "3_X-information"; VariantName = "[No Variations]"
Add component (AddParameter): Name = "ComponentLink3URL"; Value = ""; VariantName = "[No Variations]"
Add component (AddParameter): Name = "ComponentLink4Description"; Value = "4_X-information"; VariantName = "[No Variations]"
Add component (AddParameter): Name = "ComponentLink4URL"; Value = ""; VariantName = "[No Variations]"
Add component (AddParameter): Name = "Creation date"; Value = "20240524"; VariantName = "[No Variations]"
Add component (AddParameter): Name = "Design Item ID"; Value = "MIMX8ML8CVNKZAB"; VariantName = "[No Variations]"
Add component (AddParameter): Name = "Dimensions WxLxH"; Value = "15 x 15 x 1.33mm"; VariantName = "[No Variations]"
Add component (AddParameter): Name = "ECCN"; Value = ""; VariantName = "[No Variations]"
Add component (AddParameter): Name = "HasBeenBuilt"; Value = ""; VariantName = "[No Variations]"
Add component (AddParameter): Name = "Manufacturer"; Value = "NXP SEMICONDUCTORS"; VariantName = "[No Variations]"
Add component (AddParameter): Name = "Manufacturer Part Number"; Value = "MIMX8ML8CVNKZAB"; VariantName = "[No Variations]"
Add component (AddParameter): Name = "Operating temperature range"; Value = "-40... +105 °C"; VariantName = "[No Variations]"
Add component (AddParameter): Name = "Package"; Value = "FCBGA548"; VariantName = "[No Variations]"
Add component (AddParameter): Name = "Part Number"; Value = "MIMX8ML8CVNKZAB"; VariantName = "[No Variations]"
Add component (AddParameter): Name = "Remark"; Value = ""; VariantName = "[No Variations]"
Add component (AddParameter): Name = "RoHS"; Value = ""; VariantName = "[No Variations]"
Add component (AddParameter): Name = "Sort order"; Value = "501"; VariantName = "[No Variations]"
Add component (AddParameter): Name = "Source"; Value = "UUDET_KOMPONENTIT.SchLib"; VariantName = "[No Variations]"
Add component (AddParameter): Name = "System"; Value = "IC"; VariantName = "[No Variations]"
Added Component: Designator=U?(BGA548C50P29X29_1500X1500X148)
Add component (AddParameter): Name = "Alternative component"; Value = ""; VariantName = "[No Variations]"
Add component (AddParameter): Name = "ClassName"; Value = "BIG"; VariantName = "[No Variations]"
Add component (AddParameter): Name = "Component Type"; Value = "Processor"; VariantName = "[No Variations]"
Add component (AddParameter): Name = "ComponentLink1Description"; Value = "1_Datasheet"; VariantName = "[No Variations]"
Add component (AddParameter): Name = "ComponentLink1URL"; Value = "https://www.nxp.com/part/MIMX8ML8CVNKZAB#/"; VariantName = "[No Variations]"
Add component (AddParameter): Name = "ComponentLink2Description"; Value = "2_Product page"; VariantName = "[No Variations]"
Add component (AddParameter): Name = "ComponentLink2URL"; Value = ""; VariantName = "[No Variations]"
Add component (AddParameter): Name = "ComponentLink3Description"; Value = "3_X-information"; VariantName = "[No Variations]"
Add component (AddParameter): Name = "ComponentLink3URL"; Value = ""; VariantName = "[No Variations]"
Add component (AddParameter): Name = "ComponentLink4Description"; Value = "4_X-information"; VariantName = "[No Variations]"
Add component (AddParameter): Name = "ComponentLink4URL"; Value = ""; VariantName = "[No Variations]"
Add component (AddParameter): Name = "Creation date"; Value = "20240524"; VariantName = "[No Variations]"
Add component (AddParameter): Name = "Design Item ID"; Value = "MIMX8ML8CVNKZAB"; VariantName = "[No Variations]"
Add component (AddParameter): Name = "Dimensions WxLxH"; Value = "15 x 15 x 1.33mm"; VariantName = "[No Variations]"
Add component (AddParameter): Name = "ECCN"; Value = ""; VariantName = "[No Variations]"
Add component (AddParameter): Name = "HasBeenBuilt"; Value = ""; VariantName = "[No Variations]"
Add component (AddParameter): Name = "Manufacturer"; Value = "NXP SEMICONDUCTORS"; VariantName = "[No Variations]"
Add component (AddParameter): Name = "Manufacturer Part Number"; Value = "MIMX8ML8CVNKZAB"; VariantName = "[No Variations]"
Add component (AddParameter): Name = "Operating temperature range"; Value = "-40... +105 °C"; VariantName = "[No Variations]"
Add component (AddParameter): Name = "Package"; Value = "FCBGA548"; VariantName = "[No Variations]"
Add component (AddParameter): Name = "Part Number"; Value = "MIMX8ML8CVNKZAB"; VariantName = "[No Variations]"
Add component (AddParameter): Name = "Remark"; Value = ""; VariantName = "[No Variations]"
Add component (AddParameter): Name = "RoHS"; Value = ""; VariantName = "[No Variations]"
Add component (AddParameter): Name = "Sort order"; Value = "501"; VariantName = "[No Variations]"
Add component (AddParameter): Name = "Source"; Value = "UUDET_KOMPONENTIT.SchLib"; VariantName = "[No Variations]"
Add component (AddParameter): Name = "System"; Value = "IC"; VariantName = "[No Variations]"
Added Class: Name=IMX8_IO
Added Member To Class: ClassName=IMX8_PWR Member=Component C? CAP_0201_1uF_X6S
Added Member To Class: ClassName=IMX8_PWR Member=Component C? CAP_0402_10u_X6S
Added Member To Class: ClassName=IMX8_PWR Member=Component C? CAP_0402_10u_X6S
Added Member To Class: ClassName=IMX8_PWR Member=Component C? CAP_0402_10u_X6S
Added Member To Class: ClassName=IMX8_PWR Member=Component C? CAP_0402_10u_X6S
Added Member To Class: ClassName=IMX8_PWR Member=Component C? CAP_0201_1uF_X6S
Added Member To Class: ClassName=IMX8_PWR Member=Component C? CAP_0201_1uF_X6S
Added Member To Class: ClassName=IMX8_PWR Member=Component C? CAP_0201_1uF_X6S
Added Member To Class: ClassName=IMX8_PWR Member=Component C? CAP_0201_1uF_X6S
Added Member To Class: ClassName=IMX8_PWR Member=Component C? CAP_0201_1uF_X6S
Added Member To Class: ClassName=IMX8_PWR Member=Component C? CAP_0201_220n_10V_X6S
Added Member To Class: ClassName=IMX8_PWR Member=Component C? CAP_0201_220n_10V_X6S
Added Member To Class: ClassName=IMX8_PWR Member=Component C? CAP_0402_10u_X6S
Added Member To Class: ClassName=IMX8_PWR Member=Component C? CAP_0201_1uF_X6S
Added Member To Class: ClassName=IMX8_PWR Member=Component C? CAP_0201_1uF_X6S
Added Member To Class: ClassName=IMX8_PWR Member=Component C? CAP_0201_1uF_X6S
Added Member To Class: ClassName=IMX8_PWR Member=Component C? CAP_0201_1uF_X6S
Added Member To Class: ClassName=IMX8_PWR Member=Component C? CAP_0201_1uF_X6S
Added Member To Class: ClassName=IMX8_PWR Member=Component C? CAP_0201_1uF_X6S
Added Member To Class: ClassName=IMX8_PWR Member=Component C? CAP_0201_1uF_X6S
Added Member To Class: ClassName=IMX8_PWR Member=Component C? CAP_0201_1uF_X6S
Added Member To Class: ClassName=IMX8_PWR Member=Component C? CAP_0201_1uF_X6S
Added Member To Class: ClassName=IMX8_PWR Member=Component C? CAP_0201_1uF_X6S
Added Member To Class: ClassName=IMX8_PWR Member=Component C? CAP_0402_10u_X6S
Added Member To Class: ClassName=IMX8_PWR Member=Component C? CAP_0402_10u_X6S
Added Member To Class: ClassName=IMX8_PWR Member=Component C? CAP_0201_1uF_X6S
Added Member To Class: ClassName=IMX8_PWR Member=Component C? CAP_0201_1uF_X6S
Added Member To Class: ClassName=IMX8_PWR Member=Component C? CAP_0201_1uF_X6S
Added Member To Class: ClassName=IMX8_PWR Member=Component C? CAP_0201_1uF_X6S
Added Member To Class: ClassName=IMX8_PWR Member=Component C? CAP_0201_1uF_X6S
Added Member To Class: ClassName=IMX8_PWR Member=Component C? CAP_0201_1uF_X6S
Added Member To Class: ClassName=IMX8_PWR Member=Component C? CAP_0201_1uF_X6S
Added Member To Class: ClassName=IMX8_PWR Member=Component C? CAP_0201_1uF_X6S
Added Member To Class: ClassName=IMX8_PWR Member=Component C? CAP_0201_1uF_X6S
Added Member To Class: ClassName=IMX8_PWR Member=Component C? CAP_0201_1uF_X6S
Added Member To Class: ClassName=IMX8_PWR Member=Component C? CAP_0201_1uF_X6S
Added Member To Class: ClassName=IMX8_PWR Member=Component C? CAP_0201_1uF_X6S
Added Member To Class: ClassName=IMX8_PWR Member=Component C? CAP_0201_1uF_X6S
Added Member To Class: ClassName=IMX8_PWR Member=Component C? CAP_0402_4u7_10V_X6S
Added Member To Class: ClassName=IMX8_PWR Member=Component C? CAP_0201_1uF_X6S
Added Member To Class: ClassName=IMX8_PWR Member=Component C? CAP_0201_1uF_X6S
Added Member To Class: ClassName=IMX8_PWR Member=Component C? CAP_0201_1uF_X6S
Added Member To Class: ClassName=IMX8_PWR Member=Component C? CAP_0402_10u_X6S
Added Member To Class: ClassName=IMX8_PWR Member=Component C? CAP_0201_1uF_X6S
Added Member To Class: ClassName=IMX8_PWR Member=Component C? CAP_0201_1uF_X6S
Added Member To Class: ClassName=IMX8_PWR Member=Component C? CAP_0402_10u_X6S
Added Member To Class: ClassName=IMX8_PWR Member=Component C? CAP_0201_1uF_X6S
Added Member To Class: ClassName=IMX8_PWR Member=Component C? CAP_0201_1uF_X6S
Added Member To Class: ClassName=IMX8_PWR Member=Component C? CAP_0201_1uF_X6S
Added Member To Class: ClassName=IMX8_PWR Member=Component C? CAP_0402_10u_X6S
Added Member To Class: ClassName=IMX8_PWR Member=Component C? CAP_0201_1uF_X6S
Added Member To Class: ClassName=IMX8_PWR Member=Component C? CAP_0201_1uF_X6S
Added Member To Class: ClassName=IMX8_PWR Member=Component C? CAP_0201_1uF_X6S
Added Member To Class: ClassName=IMX8_PWR Member=Component C? CAP_0201_1uF_X6S
Added Member To Class: ClassName=IMX8_PWR Member=Component C? CAP_0201_1uF_X6S
Added Member To Class: ClassName=IMX8_PWR Member=Component C? CAP_0201_1uF_X6S
