Added Pin To Net: NetName=GND Pin=U1-A1
Added Pin To Net: NetName=GND Pin=U1-A29
Added Pin To Net: NetName=GND Pin=U1-AA3
Added Pin To Net: NetName=GND Pin=U1-AA7
Added Pin To Net: NetName=NVCC_DRAM_1V1 Pin=U1-AA10
Added Pin To Net: NetName=VDD_3V3 Pin=U1-AA11
Added Pin To Net: NetName=VDD_3V3 Pin=U1-AA14
Added Pin To Net: NetName=VDD_1V8 Pin=U1-AA16
Added Pin To Net: NetName=VDD_1V8 Pin=U1-AA19
Added Pin To Net: NetName=VDDA_1V8 Pin=U1-AA20
Added Pin To Net: NetName=VDDA_1V8 Pin=U1-AA22
Added Pin To Net: NetName=GND Pin=U1-AA23
Added Pin To Net: NetName=VDD_1V8 Pin=U1-AA24
Added Pin To Net: NetName=GND Pin=U1-AA27
Added Pin To Net: NetName=GND Pin=U1-AB8
Added Pin To Net: NetName=GND Pin=U1-AB10
Added Pin To Net: NetName=GND Pin=U1-AB12
Added Pin To Net: NetName=GND Pin=U1-AB14
Added Pin To Net: NetName=GND Pin=U1-AB16
Added Pin To Net: NetName=GND Pin=U1-AB18
Added Pin To Net: NetName=GND Pin=U1-AB20
Added Pin To Net: NetName=GND Pin=U1-AB22
Added Pin To Net: NetName=GND Pin=U1-AC3
Added Pin To Net: NetName=GND Pin=U1-AC6
Added Pin To Net: NetName=GND Pin=U1-AC24
Added Pin To Net: NetName=GND Pin=U1-AC27
Added Pin To Net: NetName=GND Pin=U1-AE3
Added Pin To Net: NetName=GND Pin=U1-AE27
Added Pin To Net: NetName=GND Pin=U1-AG4
Added Pin To Net: NetName=GND Pin=U1-AG6
Added Pin To Net: NetName=GND Pin=U1-AG8
Added Pin To Net: NetName=GND Pin=U1-AG10
Added Pin To Net: NetName=GND Pin=U1-AG12
Added Pin To Net: NetName=GND Pin=U1-AG14
Added Pin To Net: NetName=GND Pin=U1-AG16
Added Pin To Net: NetName=GND Pin=U1-AG18
Added Pin To Net: NetName=GND Pin=U1-AG20
Added Pin To Net: NetName=GND Pin=U1-AG22
Added Pin To Net: NetName=GND Pin=U1-AG24
Added Pin To Net: NetName=GND Pin=U1-AG26
Added Pin To Net: NetName=GND Pin=U1-AJ1
Added Pin To Net: NetName=GND Pin=U1-AJ29
Added Pin To Net: NetName=GND Pin=U1-C4
Added Pin To Net: NetName=GND Pin=U1-C6
Added Pin To Net: NetName=GND Pin=U1-C8
Added Pin To Net: NetName=GND Pin=U1-C10
Added Pin To Net: NetName=GND Pin=U1-C12
Added Pin To Net: NetName=GND Pin=U1-C14
Added Pin To Net: NetName=GND Pin=U1-C16
Added Pin To Net: NetName=GND Pin=U1-C18
Added Pin To Net: NetName=GND Pin=U1-C20
Added Pin To Net: NetName=GND Pin=U1-C22
Added Pin To Net: NetName=GND Pin=U1-C24
Added Pin To Net: NetName=GND Pin=U1-C26
Added Pin To Net: NetName=GND Pin=U1-E3
Added Pin To Net: NetName=GND Pin=U1-E27
Added Pin To Net: NetName=VDD_MIPI_1P2_CAP Pin=U1-F20
Added Pin To Net: NetName=GND Pin=U1-G3
Added Pin To Net: NetName=GND Pin=U1-G6
Added Pin To Net: NetName=GND Pin=U1-G24
Added Pin To Net: NetName=GND Pin=U1-G27
Added Pin To Net: NetName=GND Pin=U1-H8
Added Pin To Net: NetName=GND Pin=U1-H10
Added Pin To Net: NetName=GND Pin=U1-H12
Added Pin To Net: NetName=GND Pin=U1-H14
Added Pin To Net: NetName=GND Pin=U1-H16
Added Pin To Net: NetName=GND Pin=U1-H18
Added Pin To Net: NetName=GND Pin=U1-H20
Added Pin To Net: NetName=GND Pin=U1-H22
Added Pin To Net: NetName=GND Pin=U1-J3
Added Pin To Net: NetName=GND Pin=U1-J7
Added Pin To Net: NetName=VDD_3V3 Pin=U1-J11
Added Pin To Net: NetName=VDD_3V3 Pin=U1-J14
Added Pin To Net: NetName=VDD_1V8 Pin=U1-J16
Added Pin To Net: NetName=VDDA_1V8 Pin=U1-J19
Added Pin To Net: NetName=VDDA_1V8 Pin=U1-J20
Added Pin To Net: NetName=VDDA_1V8 Pin=U1-J22
Added Pin To Net: NetName=GND Pin=U1-J23
Added Pin To Net: NetName=GND Pin=U1-J27
Added Pin To Net: NetName=VDD_SOC Pin=U1-K10
Added Pin To Net: NetName=VDD_3V3 Pin=U1-K11
Added Pin To Net: NetName=VDD_SOC Pin=U1-K14
Added Pin To Net: NetName=VDD_SOC Pin=U1-K15
Added Pin To Net: NetName=VDD_SOC Pin=U1-K16
Added Pin To Net: NetName=VDDA_1V8 Pin=U1-K19
Added Pin To Net: NetName=VDDA_1V8 Pin=U1-K20
Added Pin To Net: NetName=GND Pin=U1-L3
Added Pin To Net: NetName=GND Pin=U1-L7
Added Pin To Net: NetName=VDD_SOC Pin=U1-L9
Added Pin To Net: NetName=VDD_SOC Pin=U1-L10
Added Pin To Net: NetName=VDD_SOC Pin=U1-L11
Added Pin To Net: NetName=VDD_SOC Pin=U1-L12
Added Pin To Net: NetName=VDD_SOC Pin=U1-L13
Added Pin To Net: NetName=GND Pin=U1-L14
Added Pin To Net: NetName=GND Pin=U1-L16
Added Pin To Net: NetName=VDD_SOC Pin=U1-L17
Added Pin To Net: NetName=VDD_SOC Pin=U1-L18
Added Pin To Net: NetName=VDD_SOC Pin=U1-L19
Added Pin To Net: NetName=VDD_SOC Pin=U1-L20
Added Pin To Net: NetName=VDD_SOC Pin=U1-L21
Added Pin To Net: NetName=VDDA_1V8 Pin=U1-L22
Added Pin To Net: NetName=GND Pin=U1-L23
Added Pin To Net: NetName=GND Pin=U1-L27
Added Pin To Net: NetName=GND Pin=U1-M11
Added Pin To Net: NetName=VDD_SOC Pin=U1-M14
Added Pin To Net: NetName=VDD_SOC Pin=U1-M16
Added Pin To Net: NetName=GND Pin=U1-M19
Added Pin To Net: NetName=GND Pin=U1-N3
Added Pin To Net: NetName=GND Pin=U1-N7
Added Pin To Net: NetName=VDD_SOC Pin=U1-N9
Added Pin To Net: NetName=VDD_SOC Pin=U1-N10
Added Pin To Net: NetName=GND Pin=U1-N11
Added Pin To Net: NetName=VDD_SOC Pin=U1-N12
Added Pin To Net: NetName=VDD_SOC Pin=U1-N13
Added Pin To Net: NetName=VDD_SOC Pin=U1-N14
Added Pin To Net: NetName=VDD_SOC Pin=U1-N15
Added Pin To Net: NetName=VDD_SOC Pin=U1-N16
Added Pin To Net: NetName=VDD_SOC Pin=U1-N17
Added Pin To Net: NetName=VDD_SOC Pin=U1-N18
Added Pin To Net: NetName=GND Pin=U1-N19
Added Pin To Net: NetName=VDD_SOC Pin=U1-N20
Added Pin To Net: NetName=VDD_SOC Pin=U1-N21
Added Pin To Net: NetName=VDDA_1V8 Pin=U1-N22
Added Pin To Net: NetName=GND Pin=U1-N23
Added Pin To Net: NetName=VDD_SNVS_0V8 Pin=U1-N26
Added Pin To Net: NetName=GND Pin=U1-N27
Added Pin To Net: NetName=GND Pin=U1-P11
Added Pin To Net: NetName=VDD_SOC Pin=U1-P14
Added Pin To Net: NetName=VDD_SOC Pin=U1-P16
Added Pin To Net: NetName=GND Pin=U1-P19
Added Pin To Net: NetName=GND Pin=U1-R3
Added Pin To Net: NetName=VDDA_1V8 Pin=U1-R6
Added Pin To Net: NetName=GND Pin=U1-R7
Added Pin To Net: NetName=VDD_SOC Pin=U1-R9
Added Pin To Net: NetName=VDD_SOC Pin=U1-R10
Added Pin To Net: NetName=GND Pin=U1-R11
Added Pin To Net: NetName=GND Pin=U1-R12
Added Pin To Net: NetName=GND Pin=U1-R13
Added Pin To Net: NetName=GND Pin=U1-R14
Added Pin To Net: NetName=GND Pin=U1-R16
Added Pin To Net: NetName=GND Pin=U1-R17
Added Pin To Net: NetName=GND Pin=U1-R18
Added Pin To Net: NetName=GND Pin=U1-R19
Added Pin To Net: NetName=VDD_SOC Pin=U1-R20
Added Pin To Net: NetName=VDD_SOC Pin=U1-R21
Added Pin To Net: NetName=VDD_1V8 Pin=U1-R22
Added Pin To Net: NetName=GND Pin=U1-R23
Added Pin To Net: NetName=NVCC_SNVS_1V8 Pin=U1-R24
Added Pin To Net: NetName=GND Pin=U1-R27
Added Pin To Net: NetName=GND Pin=U1-T11
Added Pin To Net: NetName=VDD_ARM Pin=U1-T14
Added Pin To Net: NetName=VDD_ARM Pin=U1-T16
Added Pin To Net: NetName=GND Pin=U1-T19
Added Pin To Net: NetName=GND Pin=U1-U3
Added Pin To Net: NetName=GND Pin=U1-U7
Added Pin To Net: NetName=VDD_SOC Pin=U1-U9
Added Pin To Net: NetName=VDD_SOC Pin=U1-U10
Added Pin To Net: NetName=GND Pin=U1-U11
Added Pin To Net: NetName=VDD_ARM Pin=U1-U12
Added Pin To Net: NetName=VDD_ARM Pin=U1-U13
Added Pin To Net: NetName=VDD_ARM Pin=U1-U14
Added Pin To Net: NetName=VDD_ARM Pin=U1-U15
Added Pin To Net: NetName=VDD_ARM Pin=U1-U16
Added Pin To Net: NetName=VDD_ARM Pin=U1-U17
Added Pin To Net: NetName=GND Pin=U1-U18
Added Pin To Net: NetName=GND Pin=U1-U19
Added Pin To Net: NetName=VDD_SOC Pin=U1-U20
Added Pin To Net: NetName=VDD_SOC Pin=U1-U21
Added Pin To Net: NetName=VDD_1V8 Pin=U1-U22
Added Pin To Net: NetName=GND Pin=U1-U23
Added Pin To Net: NetName=VDD_1V8 Pin=U1-U24
Added Pin To Net: NetName=GND Pin=U1-U27
Added Pin To Net: NetName=GND Pin=U1-V11
Added Pin To Net: NetName=VDD_ARM Pin=U1-V14
Added Pin To Net: NetName=VDD_ARM Pin=U1-V16
Added Pin To Net: NetName=GND Pin=U1-V19
Added Pin To Net: NetName=GND Pin=U1-W3
Added Pin To Net: NetName=GND Pin=U1-W7
Added Pin To Net: NetName=VDD_SOC Pin=U1-W9
Added Pin To Net: NetName=VDD_SOC Pin=U1-W10
Added Pin To Net: NetName=VDD_SOC Pin=U1-W11
Added Pin To Net: NetName=VDD_ARM Pin=U1-W12
Added Pin To Net: NetName=VDD_ARM Pin=U1-W13
Added Pin To Net: NetName=GND Pin=U1-W14
Added Pin To Net: NetName=GND Pin=U1-W16
Added Pin To Net: NetName=VDD_ARM Pin=U1-W17
Added Pin To Net: NetName=VDDA_1V8 Pin=U1-W18
Added Pin To Net: NetName=VDDA_1V8 Pin=U1-W19
Added Pin To Net: NetName=VDD_SOC Pin=U1-W20
Added Pin To Net: NetName=VDD_SOC Pin=U1-W21
Added Pin To Net: NetName=VDD_SOC Pin=U1-W22
Added Pin To Net: NetName=GND Pin=U1-W23
Added Pin To Net: NetName=NVCC_SD2 Pin=U1-W24
Added Pin To Net: NetName=GND Pin=U1-W27
Added Pin To Net: NetName=VDD_3V3 Pin=U1-Y10
Added Pin To Net: NetName=VDD_1V8 Pin=U1-Y11
Added Pin To Net: NetName=VDD_ARM Pin=U1-Y14
Added Pin To Net: NetName=VDD_ARM Pin=U1-Y15
Added Pin To Net: NetName=VDD_ARM Pin=U1-Y16
Added Pin To Net: NetName=VDDA_1V8 Pin=U1-Y19
Added Pin To Net: NetName=VDDA_1V8 Pin=U1-Y20
Change Class Name : Old Net Name=IMX8_IO New Net Name=IMX8_LPDDR4
