Change Component Designator: Old Designator=C? New Designator=C237
Change Component Designator: Old Designator=C? New Designator=C238
Change Component Designator: Old Designator=C? New Designator=C239
Change Component Designator: Old Designator=C? New Designator=C240
Change Component Designator: Old Designator=C? New Designator=C241
Change Component Designator: Old Designator=C? New Designator=C242
Change Component Designator: Old Designator=C? New Designator=C243
Change Component Designator: Old Designator=C? New Designator=C244
Change Component Designator: Old Designator=C? New Designator=C245
Change Component Designator: Old Designator=C? New Designator=C246
Change Component Designator: Old Designator=C? New Designator=C247
Change Component Designator: Old Designator=C? New Designator=C248
Change Component Designator: Old Designator=D? New Designator=D2
Change Component Designator: Old Designator=D? New Designator=D3
Change Component Designator: Old Designator=D? New Designator=D4
Change Component Designator: Old Designator=J? New Designator=J9
Change Component Designator: Old Designator=J? New Designator=J10
Change Component Designator: Old Designator=J? New Designator=J11
Change Component Designator: Old Designator=J? New Designator=J12
Change Component Designator: Old Designator=J? New Designator=J13
Change Component Designator: Old Designator=J? New Designator=J14
Change Component Designator: Old Designator=L? New Designator=L26
Change Component Designator: Old Designator=L? New Designator=L27
Change Component Designator: Old Designator=PTP? New Designator=PTP91
Change Component Designator: Old Designator=R? New Designator=R102
Change Component Designator: Old Designator=R? New Designator=R103
Change Component Designator: Old Designator=R? New Designator=R104
Change Component Designator: Old Designator=R? New Designator=R105
Change Component Designator: Old Designator=R? New Designator=R106
Change Component Designator: Old Designator=R? New Designator=R107
Change Component Designator: Old Designator=R? New Designator=R108
Change Component Designator: Old Designator=R? New Designator=R109
Change Component Designator: Old Designator=R? New Designator=R110
Change Component Designator: Old Designator=T? New Designator=T6
Change Component Designator: Old Designator=U? New Designator=U12
Change Component Designator: Old Designator=U? New Designator=U13
Change Component Designator: Old Designator=U? New Designator=U14
