Change Component Designator: Old Designator=C? New Designator=C245
Change Component Designator: Old Designator=C? New Designator=C246
Change Component Designator: Old Designator=C? New Designator=C247
Change Component Designator: Old Designator=C? New Designator=C248
Change Component Designator: Old Designator=C? New Designator=C249
Change Component Designator: Old Designator=C? New Designator=C250
Change Component Designator: Old Designator=C? New Designator=C251
Change Component Designator: Old Designator=C? New Designator=C252
Change Component Designator: Old Designator=C? New Designator=C253
Change Component Designator: Old Designator=C? New Designator=C254
Change Component Designator: Old Designator=C? New Designator=C255
Change Component Designator: Old Designator=C? New Designator=C256
Change Component Designator: Old Designator=D? New Designator=D5
Change Component Designator: Old Designator=D? New Designator=D6
Change Component Designator: Old Designator=D? New Designator=D7
Change Component Designator: Old Designator=J? New Designator=J15
Change Component Designator: Old Designator=J? New Designator=J16
Change Component Designator: Old Designator=J? New Designator=J17
Change Component Designator: Old Designator=J? New Designator=J18
Change Component Designator: Old Designator=J? New Designator=J19
Change Component Designator: Old Designator=L? New Designator=L28
Change Component Designator: Old Designator=L? New Designator=L29
Change Component Designator: Old Designator=PTP? New Designator=PTP43
Change Component Designator: Old Designator=PTP? New Designator=PTP44
Change Component Designator: Old Designator=PTP? New Designator=PTP45
Change Component Designator: Old Designator=R? New Designator=R104
Change Component Designator: Old Designator=R? New Designator=R105
Change Component Designator: Old Designator=R? New Designator=R106
Change Component Designator: Old Designator=R? New Designator=R107
Change Component Designator: Old Designator=R? New Designator=R108
Change Component Designator: Old Designator=R? New Designator=R109
Change Component Designator: Old Designator=R? New Designator=R110
Change Component Designator: Old Designator=R? New Designator=R111
Change Component Designator: Old Designator=R? New Designator=R112
Change Component Designator: Old Designator=T? New Designator=T7
Change Component Designator: Old Designator=U? New Designator=U16
Change Component Designator: Old Designator=U? New Designator=U17
Change Component Designator: Old Designator=U? New Designator=U18
