Change Component Designator: Old Designator=C? New Designator=C249
Change Component Designator: Old Designator=C? New Designator=C250
Change Component Designator: Old Designator=C? New Designator=C251
Change Component Designator: Old Designator=C? New Designator=C252
Change Component Designator: Old Designator=C? New Designator=C253
Change Component Designator: Old Designator=C? New Designator=C254
Change Component Designator: Old Designator=C? New Designator=C255
Change Component Designator: Old Designator=C? New Designator=C256
Change Component Designator: Old Designator=C? New Designator=C257
Change Component Designator: Old Designator=C? New Designator=C258
Change Component Designator: Old Designator=C? New Designator=C259
Change Component Designator: Old Designator=C? New Designator=C260
Change Component Designator: Old Designator=D? New Designator=D5
Change Component Designator: Old Designator=D? New Designator=D6
Change Component Designator: Old Designator=D? New Designator=D7
Change Component Designator: Old Designator=J? New Designator=J15
Change Component Designator: Old Designator=J? New Designator=J16
Change Component Designator: Old Designator=J? New Designator=J17
Change Component Designator: Old Designator=J? New Designator=J18
Change Component Designator: Old Designator=J? New Designator=J19
Change Component Designator: Old Designator=L? New Designator=L28
Change Component Designator: Old Designator=L? New Designator=L29
Change Component Designator: Old Designator=PTP? New Designator=PTP92
Change Component Designator: Old Designator=PTP? New Designator=PTP93
Change Component Designator: Old Designator=PTP? New Designator=PTP94
Change Component Designator: Old Designator=R? New Designator=R111
Change Component Designator: Old Designator=R? New Designator=R112
Change Component Designator: Old Designator=R? New Designator=R113
Change Component Designator: Old Designator=R? New Designator=R114
Change Component Designator: Old Designator=R? New Designator=R115
Change Component Designator: Old Designator=R? New Designator=R116
Change Component Designator: Old Designator=R? New Designator=R117
Change Component Designator: Old Designator=R? New Designator=R118
Change Component Designator: Old Designator=R? New Designator=R119
Change Component Designator: Old Designator=T? New Designator=T7
Change Component Designator: Old Designator=U? New Designator=U15
Change Component Designator: Old Designator=U? New Designator=U16
Change Component Designator: Old Designator=U? New Designator=U17
